Aug 16 00:12:35 ip-172-31-1-180 kernel: Command line: BOOT_IMAGE=(hd0,gpt1)/boot/vmlinuz-6.1.147-172.259.amzn2023.x86_64 root=UUID=9cfb9fdd-52b1-45cb-b8ec-8a692e84a59d ro console=tty0 console=ttyS0,115200n8 nvme_core.io_timeout=4294967295 rd.emergency=poweroff rd.shell=0 selinux=1 security=selinux quiet
Aug 16 00:12:35 ip-172-31-1-180 kernel: KASLR enabled
Aug 16 00:12:35 ip-172-31-1-180 kernel: BIOS-provided physical RAM map:
Aug 16 00:12:35 ip-172-31-1-180 kernel: BIOS-e820: [mem 0x0000000000000000-0x000000000009ffff] usable
Aug 16 00:12:35 ip-172-31-1-180 kernel: BIOS-e820: [mem 0x0000000000100000-0x00000000390cdfff] usable
Aug 16 00:12:35 ip-172-31-1-180 kernel: BIOS-e820: [mem 0x00000000390ce000-0x000000003934dfff] reserved
Aug 16 00:12:35 ip-172-31-1-180 kernel: BIOS-e820: [mem 0x000000003934e000-0x000000003935dfff] ACPI data
Aug 16 00:12:35 ip-172-31-1-180 kernel: BIOS-e820: [mem 0x000000003935e000-0x00000000393ddfff] ACPI NVS
Aug 16 00:12:35 ip-172-31-1-180 kernel: BIOS-e820: [mem 0x00000000393de000-0x000000003d37bfff] usable
Aug 16 00:12:35 ip-172-31-1-180 kernel: BIOS-e820: [mem 0x000000003d37c000-0x000000003d3fffff] reserved
Aug 16 00:12:35 ip-172-31-1-180 kernel: NX (Execute Disable) protection: active
Aug 16 00:12:35 ip-172-31-1-180 kernel: extended physical RAM map:
Aug 16 00:12:35 ip-172-31-1-180 kernel: reserve setup_data: [mem 0x0000000000000000-0x000000000009ffff] usable
Aug 16 00:12:35 ip-172-31-1-180 kernel: reserve setup_data: [mem 0x0000000000100000-0x00000000372be017] usable
Aug 16 00:12:35 ip-172-31-1-180 kernel: reserve setup_data: [mem 0x00000000372be018-0x00000000372c6e57] usable
Aug 16 00:12:35 ip-172-31-1-180 kernel: reserve setup_data: [mem 0x00000000372c6e58-0x00000000390cdfff] usable
Aug 16 00:12:35 ip-172-31-1-180 kernel: reserve setup_data: [mem 0x00000000390ce000-0x000000003934dfff] reserved
Aug 16 00:12:35 ip-172-31-1-180 kernel: reserve setup_data: [mem 0x000000003934e000-0x000000003935dfff] ACPI data
Aug 16 00:12:35 ip-172-31-1-180 kernel: reserve setup_data: [mem 0x000000003935e000-0x00000000393ddfff] ACPI NVS
Aug 16 00:12:35 ip-172-31-1-180 kernel: reserve setup_data: [mem 0x00000000393de000-0x000000003d37bfff] usable
Aug 16 00:12:35 ip-172-31-1-180 kernel: reserve setup_data: [mem 0x000000003d37c000-0x000000003d3fffff] reserved
Aug 16 00:12:35 ip-172-31-1-180 kernel: efi: EFI v2.70 by EDK II
Aug 16 00:12:35 ip-172-31-1-180 kernel: efi: SMBIOS=0x3926a000 ACPI=0x3935d000 ACPI 2.0=0x3935d014 MEMATTR=0x37a3ca98 
Aug 16 00:12:35 ip-172-31-1-180 kernel: SMBIOS 2.7 present.
Aug 16 00:12:35 ip-172-31-1-180 kernel: DMI: Amazon EC2 t3.micro/, BIOS 1.0 10/16/2017
Aug 16 00:12:35 ip-172-31-1-180 kernel: Hypervisor detected: KVM
Aug 16 00:12:35 ip-172-31-1-180 kernel: kvm-clock: Using msrs 4b564d01 and 4b564d00
Aug 16 00:12:35 ip-172-31-1-180 kernel: kvm-clock: using sched offset of 1619144558 cycles
Aug 16 00:12:35 ip-172-31-1-180 kernel: clocksource: kvm-clock: mask: 0xffffffffffffffff max_cycles: 0x1cd42e4dffb, max_idle_ns: 881590591483 ns
Aug 16 00:12:35 ip-172-31-1-180 kernel: tsc: Detected 2499.996 MHz processor
Aug 16 00:12:35 ip-172-31-1-180 kernel: last_pfn = 0x3d37c max_arch_pfn = 0x400000000
Aug 16 00:12:35 ip-172-31-1-180 kernel: x86/PAT: Configuration [0-7]: WB  WC  UC- UC  WB  WP  UC- WT  
Aug 16 00:12:35 ip-172-31-1-180 kernel: Using GB pages for direct mapping
Aug 16 00:12:35 ip-172-31-1-180 kernel: Secure boot disabled
Aug 16 00:12:35 ip-172-31-1-180 kernel: RAMDISK: [mem 0x330e7000-0x34093fff]
Aug 16 00:12:35 ip-172-31-1-180 kernel: ACPI: Early table checksum verification disabled
Aug 16 00:12:35 ip-172-31-1-180 kernel: ACPI: RSDP 0x000000003935D014 000024 (v02 AMAZON)
Aug 16 00:12:35 ip-172-31-1-180 kernel: ACPI: XSDT 0x000000003935C0E8 00006C (v01 AMAZON AMZNFACP 00000001      01000013)
Aug 16 00:12:35 ip-172-31-1-180 kernel: ACPI: FACP 0x0000000039355000 000114 (v01 AMAZON AMZNFACP 00000001 AMZN 00000001)
Aug 16 00:12:35 ip-172-31-1-180 kernel: ACPI: DSDT 0x0000000039356000 00115A (v01 AMAZON AMZNDSDT 00000001 AMZN 00000001)
Aug 16 00:12:35 ip-172-31-1-180 kernel: ACPI: FACS 0x00000000393D0000 000040
Aug 16 00:12:35 ip-172-31-1-180 kernel: ACPI: WAET 0x000000003935B000 000028 (v01 AMAZON AMZNWAET 00000001 AMZN 00000001)
Aug 16 00:12:35 ip-172-31-1-180 kernel: ACPI: SLIT 0x000000003935A000 00006C (v01 AMAZON AMZNSLIT 00000001 AMZN 00000001)
Aug 16 00:12:35 ip-172-31-1-180 kernel: ACPI: APIC 0x0000000039359000 000076 (v01 AMAZON AMZNAPIC 00000001 AMZN 00000001)
Aug 16 00:12:35 ip-172-31-1-180 kernel: ACPI: SRAT 0x0000000039358000 0000A0 (v01 AMAZON AMZNSRAT 00000001 AMZN 00000001)
Aug 16 00:12:35 ip-172-31-1-180 kernel: ACPI: HPET 0x0000000039354000 000038 (v01 AMAZON AMZNHPET 00000001 AMZN 00000001)
Aug 16 00:12:35 ip-172-31-1-180 kernel: ACPI: SSDT 0x0000000039353000 000759 (v01 AMAZON AMZNSSDT 00000001 AMZN 00000001)
Aug 16 00:12:35 ip-172-31-1-180 kernel: ACPI: SSDT 0x0000000039352000 00007F (v01 AMAZON AMZNSSDT 00000001 AMZN 00000001)
Aug 16 00:12:35 ip-172-31-1-180 kernel: ACPI: BGRT 0x0000000039351000 000038 (v01 AMAZON AMAZON   00000002      01000013)
Aug 16 00:12:35 ip-172-31-1-180 kernel: ACPI: Reserving FACP table memory at [mem 0x39355000-0x39355113]
Aug 16 00:12:35 ip-172-31-1-180 kernel: ACPI: Reserving DSDT table memory at [mem 0x39356000-0x39357159]
Aug 16 00:12:35 ip-172-31-1-180 kernel: ACPI: Reserving FACS table memory at [mem 0x393d0000-0x393d003f]
Aug 16 00:12:35 ip-172-31-1-180 kernel: ACPI: Reserving WAET table memory at [mem 0x3935b000-0x3935b027]
Aug 16 00:12:35 ip-172-31-1-180 kernel: ACPI: Reserving SLIT table memory at [mem 0x3935a000-0x3935a06b]
Aug 16 00:12:35 ip-172-31-1-180 kernel: ACPI: Reserving APIC table memory at [mem 0x39359000-0x39359075]
Aug 16 00:12:35 ip-172-31-1-180 kernel: ACPI: Reserving SRAT table memory at [mem 0x39358000-0x3935809f]
Aug 16 00:12:35 ip-172-31-1-180 kernel: ACPI: Reserving HPET table memory at [mem 0x39354000-0x39354037]
Aug 16 00:12:35 ip-172-31-1-180 kernel: ACPI: Reserving SSDT table memory at [mem 0x39353000-0x39353758]
Aug 16 00:12:35 ip-172-31-1-180 kernel: ACPI: Reserving SSDT table memory at [mem 0x39352000-0x3935207e]
Aug 16 00:12:35 ip-172-31-1-180 kernel: ACPI: Reserving BGRT table memory at [mem 0x39351000-0x39351037]
Aug 16 00:12:35 ip-172-31-1-180 kernel: SRAT: PXM 0 -> APIC 0x00 -> Node 0
Aug 16 00:12:35 ip-172-31-1-180 kernel: SRAT: PXM 0 -> APIC 0x01 -> Node 0
Aug 16 00:12:35 ip-172-31-1-180 kernel: ACPI: SRAT: Node 0 PXM 0 [mem 0x00000000-0x3fffffff]
Aug 16 00:12:35 ip-172-31-1-180 kernel: NODE_DATA(0) allocated [mem 0x3b2ca000-0x3b2f4fff]
Aug 16 00:12:35 ip-172-31-1-180 kernel: Zone ranges:
Aug 16 00:12:35 ip-172-31-1-180 kernel:  DMA      [mem 0x0000000000001000-0x0000000000ffffff]
Aug 16 00:12:35 ip-172-31-1-180 kernel:  DMA32    [mem 0x0000000001000000-0x000000003d37bfff]
Aug 16 00:12:35 ip-172-31-1-180 kernel:  Normal   empty
Aug 16 00:12:35 ip-172-31-1-180 kernel:  Device   empty
Aug 16 00:12:35 ip-172-31-1-180 kernel: Movable zone start for each node
Aug 16 00:12:35 ip-172-31-1-180 kernel: Early memory node ranges
Aug 16 00:12:35 ip-172-31-1-180 kernel:  node   0: [mem 0x0000000000001000-0x000000000009ffff]
Aug 16 00:12:35 ip-172-31-1-180 kernel:  node   0: [mem 0x0000000000100000-0x00000000390cdfff]
Aug 16 00:12:35 ip-172-31-1-180 kernel:  node   0: [mem 0x00000000393de000-0x000000003d37bfff]
Aug 16 00:12:35 ip-172-31-1-180 kernel: Initmem setup node 0 [mem 0x0000000000001000-0x000000003d37bfff]
Aug 16 00:12:35 ip-172-31-1-180 kernel: On node 0, zone DMA: 1 pages in unavailable ranges
Aug 16 00:12:35 ip-172-31-1-180 kernel: On node 0, zone DMA: 96 pages in unavailable ranges
Aug 16 00:12:35 ip-172-31-1-180 kernel: On node 0, zone DMA32: 784 pages in unavailable ranges
Aug 16 00:12:35 ip-172-31-1-180 kernel: On node 0, zone DMA32: 11396 pages in unavailable ranges
Aug 16 00:12:35 ip-172-31-1-180 kernel: ACPI: PM-Timer IO Port: 0xb008
Aug 16 00:12:35 ip-172-31-1-180 kernel: ACPI: LAPIC_NMI (acpi_id[0xff] dfl dfl lint[0x1])
Aug 16 00:12:35 ip-172-31-1-180 kernel: IOAPIC[0]: apic_id 0, version 32, address 0xfec00000, GSI 0-23
Aug 16 00:12:35 ip-172-31-1-180 kernel: ACPI: INT_SRC_OVR (bus 0 bus_irq 5 global_irq 5 high level)
Aug 16 00:12:35 ip-172-31-1-180 kernel: ACPI: INT_SRC_OVR (bus 0 bus_irq 9 global_irq 9 high level)
Aug 16 00:12:35 ip-172-31-1-180 kernel: ACPI: INT_SRC_OVR (bus 0 bus_irq 10 global_irq 10 high level)
Aug 16 00:12:35 ip-172-31-1-180 kernel: ACPI: INT_SRC_OVR (bus 0 bus_irq 11 global_irq 11 high level)
Aug 16 00:12:35 ip-172-31-1-180 kernel: ACPI: Using ACPI (MADT) for SMP configuration information
Aug 16 00:12:35 ip-172-31-1-180 kernel: ACPI: HPET id: 0x8086a201 base: 0xfed00000
Aug 16 00:12:35 ip-172-31-1-180 kernel: TSC deadline timer available
Aug 16 00:12:35 ip-172-31-1-180 kernel: smpboot: Allowing 2 CPUs, 0 hotplug CPUs
Aug 16 00:12:35 ip-172-31-1-180 kernel: PM: hibernation: Registered nosave memory: [mem 0x00000000-0x00000fff]
Aug 16 00:12:35 ip-172-31-1-180 kernel: PM: hibernation: Registered nosave memory: [mem 0x000a0000-0x000fffff]
Aug 16 00:12:35 ip-172-31-1-180 kernel: PM: hibernation: Registered nosave memory: [mem 0x390ce000-0x393ddfff]
Aug 16 00:12:35 ip-172-31-1-180 kernel: [mem 0x3d400000-0xffffffff] available for PCI devices
Aug 16 00:12:35 ip-172-31-1-180 kernel: Booting paravirtualized kernel on KVM
Aug 16 00:12:35 ip-172-31-1-180 kernel: clocksource: refined-jiffies: mask: 0xffffffff max_cycles: 0xffffffff, max_idle_ns: 19112604462750000 ns
Aug 16 00:12:35 ip-172-31-1-180 kernel: setup_percpu: NR_CPUS:8192 nr_cpumask_bits:2 nr_cpu_ids:2 nr_node_ids:1
Aug 16 00:12:35 ip-172-31-1-180 kernel: percpu: Embedded 60 pages/cpu s208896 r8192 d28672 u1048576
Aug 16 00:12:35 ip-172-31-1-180 kernel: kvm-guest: PV spinlocks enabled
Aug 16 00:12:35 ip-172-31-1-180 kernel: PV qspinlock hash table entries: 256 (order: 0, 4096 bytes, linear)
Aug 16 00:12:35 ip-172-31-1-180 kernel: Fallback order for Node 0: 0 
Aug 16 00:12:35 ip-172-31-1-180 kernel: Built 1 zonelists, mobility grouping on.  Total pages: 245790
Aug 16 00:12:35 ip-172-31-1-180 kernel: Policy zone: DMA32
Aug 16 00:12:35 ip-172-31-1-180 kernel: Kernel command line: BOOT_IMAGE=(hd0,gpt1)/boot/vmlinuz-6.1.147-172.259.amzn2023.x86_64 root=UUID=9cfb9fdd-52b1-45cb-b8ec-8a692e84a59d ro console=tty0 console=ttyS0,115200n8 nvme_core.io_timeout=4294967295 rd.emergency=poweroff rd.shell=0 selinux=1 security=selinux quiet
Aug 16 00:12:35 ip-172-31-1-180 kernel: Unknown kernel command line parameters "BOOT_IMAGE=(hd0,gpt1)/boot/vmlinuz-6.1.147-172.259.amzn2023.x86_64", will be passed to user space.
Aug 16 00:12:35 ip-172-31-1-180 kernel: random: crng init done
Aug 16 00:12:35 ip-172-31-1-180 kernel: Dentry cache hash table entries: 131072 (order: 8, 1048576 bytes, linear)
Aug 16 00:12:35 ip-172-31-1-180 kernel: Inode-cache hash table entries: 65536 (order: 7, 524288 bytes, linear)
Aug 16 00:12:35 ip-172-31-1-180 kernel: mem auto-init: stack:off, heap alloc:off, heap free:off
Aug 16 00:12:35 ip-172-31-1-180 kernel: Memory: 199368K/999468K available (14347K kernel code, 9303K rwdata, 8912K rodata, 2452K init, 18672K bss, 141572K reserved, 0K cma-reserved)
Aug 16 00:12:35 ip-172-31-1-180 kernel: SLUB: HWalign=64, Order=0-3, MinObjects=0, CPUs=2, Nodes=1
Aug 16 00:12:35 ip-172-31-1-180 kernel: Kernel/User page tables isolation: enabled
Aug 16 00:12:35 ip-172-31-1-180 kernel: ftrace: allocating 41851 entries in 164 pages
Aug 16 00:12:35 ip-172-31-1-180 kernel: ftrace: allocated 164 pages with 3 groups
Aug 16 00:12:35 ip-172-31-1-180 kernel: Dynamic Preempt: none
Aug 16 00:12:35 ip-172-31-1-180 kernel: rcu: Preemptible hierarchical RCU implementation.
Aug 16 00:12:35 ip-172-31-1-180 kernel: rcu: #011RCU restricting CPUs from NR_CPUS=8192 to nr_cpu_ids=2.
Aug 16 00:12:35 ip-172-31-1-180 kernel: #011Trampoline variant of Tasks RCU enabled.
Aug 16 00:12:35 ip-172-31-1-180 kernel: #011Rude variant of Tasks RCU enabled.
Aug 16 00:12:35 ip-172-31-1-180 kernel: #011Tracing variant of Tasks RCU enabled.
Aug 16 00:12:35 ip-172-31-1-180 kernel: rcu: RCU calculated value of scheduler-enlistment delay is 10 jiffies.
Aug 16 00:12:35 ip-172-31-1-180 kernel: rcu: Adjusting geometry for rcu_fanout_leaf=16, nr_cpu_ids=2
Aug 16 00:12:35 ip-172-31-1-180 kernel: NR_IRQS: 524544, nr_irqs: 440, preallocated irqs: 16
Aug 16 00:12:35 ip-172-31-1-180 kernel: rcu: srcu_init: Setting srcu_struct sizes based on contention.
Aug 16 00:12:35 ip-172-31-1-180 kernel: Console: colour dummy device 80x25
Aug 16 00:12:35 ip-172-31-1-180 kernel: printk: console [tty0] enabled
Aug 16 00:12:35 ip-172-31-1-180 kernel: printk: console [ttyS0] enabled
Aug 16 00:12:35 ip-172-31-1-180 kernel: ACPI: Core revision 20220331
Aug 16 00:12:35 ip-172-31-1-180 kernel: clocksource: hpet: mask: 0xffffffff max_cycles: 0xffffffff, max_idle_ns: 30580167144 ns
Aug 16 00:12:35 ip-172-31-1-180 kernel: APIC: Switch to symmetric I/O mode setup
Aug 16 00:12:35 ip-172-31-1-180 kernel: x2apic enabled
Aug 16 00:12:35 ip-172-31-1-180 kernel: Switched APIC routing to physical x2apic.
Aug 16 00:12:35 ip-172-31-1-180 kernel: clocksource: tsc-early: mask: 0xffffffffffffffff max_cycles: 0x24093623c91, max_idle_ns: 440795291220 ns
Aug 16 00:12:35 ip-172-31-1-180 kernel: Calibrating delay loop (skipped) preset value.. 4999.99 BogoMIPS (lpj=24999960)
Aug 16 00:12:35 ip-172-31-1-180 kernel: Last level iTLB entries: 4KB 64, 2MB 8, 4MB 8
Aug 16 00:12:35 ip-172-31-1-180 kernel: Last level dTLB entries: 4KB 64, 2MB 32, 4MB 32, 1GB 4
Aug 16 00:12:35 ip-172-31-1-180 kernel: Spectre V1 : Mitigation: usercopy/swapgs barriers and __user pointer sanitization
Aug 16 00:12:35 ip-172-31-1-180 kernel: Spectre V2 : Mitigation: Retpolines
Aug 16 00:12:35 ip-172-31-1-180 kernel: Spectre V2 : Spectre v2 / SpectreRSB: Filling RSB on context switch and VMEXIT
Aug 16 00:12:35 ip-172-31-1-180 kernel: RETBleed: WARNING: Spectre v2 mitigation leaves CPU vulnerable to RETBleed attacks, data leaks possible!
Aug 16 00:12:35 ip-172-31-1-180 kernel: RETBleed: Vulnerable
Aug 16 00:12:35 ip-172-31-1-180 kernel: Speculative Store Bypass: Vulnerable
Aug 16 00:12:35 ip-172-31-1-180 kernel: MDS: Vulnerable: Clear CPU buffers attempted, no microcode
Aug 16 00:12:35 ip-172-31-1-180 kernel: MMIO Stale Data: Vulnerable: Clear CPU buffers attempted, no microcode
Aug 16 00:12:35 ip-172-31-1-180 kernel: GDS: Unknown: Dependent on hypervisor status
Aug 16 00:12:35 ip-172-31-1-180 kernel: ITS: Mitigation: Aligned branch/return thunks
Aug 16 00:12:35 ip-172-31-1-180 kernel: x86/fpu: Supporting XSAVE feature 0x001: 'x87 floating point registers'
Aug 16 00:12:35 ip-172-31-1-180 kernel: x86/fpu: Supporting XSAVE feature 0x002: 'SSE registers'
Aug 16 00:12:35 ip-172-31-1-180 kernel: x86/fpu: Supporting XSAVE feature 0x004: 'AVX registers'
Aug 16 00:12:35 ip-172-31-1-180 kernel: x86/fpu: Supporting XSAVE feature 0x008: 'MPX bounds registers'
Aug 16 00:12:35 ip-172-31-1-180 kernel: x86/fpu: Supporting XSAVE feature 0x010: 'MPX CSR'
Aug 16 00:12:35 ip-172-31-1-180 kernel: x86/fpu: Supporting XSAVE feature 0x020: 'AVX-512 opmask'
Aug 16 00:12:35 ip-172-31-1-180 kernel: x86/fpu: Supporting XSAVE feature 0x040: 'AVX-512 Hi256'
Aug 16 00:12:35 ip-172-31-1-180 kernel: x86/fpu: Supporting XSAVE feature 0x080: 'AVX-512 ZMM_Hi256'
Aug 16 00:12:35 ip-172-31-1-180 kernel: x86/fpu: Supporting XSAVE feature 0x200: 'Protection Keys User registers'
Aug 16 00:12:35 ip-172-31-1-180 kernel: x86/fpu: xstate_offset[2]:  576, xstate_sizes[2]:  256
Aug 16 00:12:35 ip-172-31-1-180 kernel: x86/fpu: xstate_offset[3]:  832, xstate_sizes[3]:   64
Aug 16 00:12:35 ip-172-31-1-180 kernel: x86/fpu: xstate_offset[4]:  896, xstate_sizes[4]:   64
Aug 16 00:12:35 ip-172-31-1-180 kernel: x86/fpu: xstate_offset[5]:  960, xstate_sizes[5]:   64
Aug 16 00:12:35 ip-172-31-1-180 kernel: x86/fpu: xstate_offset[6]: 1024, xstate_sizes[6]:  512
Aug 16 00:12:35 ip-172-31-1-180 kernel: x86/fpu: xstate_offset[7]: 1536, xstate_sizes[7]: 1024
Aug 16 00:12:35 ip-172-31-1-180 kernel: x86/fpu: xstate_offset[9]: 2560, xstate_sizes[9]:    8
Aug 16 00:12:35 ip-172-31-1-180 kernel: x86/fpu: Enabled xstate features 0x2ff, context size is 2568 bytes, using 'compacted' format.
Aug 16 00:12:35 ip-172-31-1-180 kernel: Freeing SMP alternatives memory: 36K
Aug 16 00:12:35 ip-172-31-1-180 kernel: pid_max: default: 32768 minimum: 301
Aug 16 00:12:35 ip-172-31-1-180 kernel: LSM: Security Framework initializing
Aug 16 00:12:35 ip-172-31-1-180 kernel: landlock: Up and running.
Aug 16 00:12:35 ip-172-31-1-180 kernel: Yama: becoming mindful.
Aug 16 00:12:35 ip-172-31-1-180 kernel: SELinux:  Initializing.
Aug 16 00:12:35 ip-172-31-1-180 kernel: LSM support for eBPF active
Aug 16 00:12:35 ip-172-31-1-180 kernel: Mount-cache hash table entries: 2048 (order: 2, 16384 bytes, linear)
Aug 16 00:12:35 ip-172-31-1-180 kernel: Mountpoint-cache hash table entries: 2048 (order: 2, 16384 bytes, linear)
Aug 16 00:12:35 ip-172-31-1-180 kernel: smpboot: CPU0: Intel(R) Xeon(R) Platinum 8259CL CPU @ 2.50GHz (family: 0x6, model: 0x55, stepping: 0x7)
Aug 16 00:12:35 ip-172-31-1-180 kernel: cblist_init_generic: Setting adjustable number of callback queues.
Aug 16 00:12:35 ip-172-31-1-180 kernel: cblist_init_generic: Setting shift to 1 and lim to 1.
Aug 16 00:12:35 ip-172-31-1-180 kernel: cblist_init_generic: Setting adjustable number of callback queues.
Aug 16 00:12:35 ip-172-31-1-180 kernel: cblist_init_generic: Setting shift to 1 and lim to 1.
Aug 16 00:12:35 ip-172-31-1-180 kernel: cblist_init_generic: Setting adjustable number of callback queues.
Aug 16 00:12:35 ip-172-31-1-180 kernel: cblist_init_generic: Setting shift to 1 and lim to 1.
Aug 16 00:12:35 ip-172-31-1-180 kernel: Performance Events: unsupported p6 CPU model 85 no PMU driver, software events only.
Aug 16 00:12:35 ip-172-31-1-180 kernel: signal: max sigframe size: 3632
Aug 16 00:12:35 ip-172-31-1-180 kernel: rcu: Hierarchical SRCU implementation.
Aug 16 00:12:35 ip-172-31-1-180 kernel: rcu: #011Max phase no-delay instances is 1000.
Aug 16 00:12:35 ip-172-31-1-180 kernel: smp: Bringing up secondary CPUs ...
Aug 16 00:12:35 ip-172-31-1-180 kernel: x86: Booting SMP configuration:
Aug 16 00:12:35 ip-172-31-1-180 kernel: .... node  #0, CPUs:      #1
Aug 16 00:12:35 ip-172-31-1-180 kernel: Transient Scheduler Attacks: MDS CPU bug present and SMT on, data leak possible. See https://www.kernel.org/doc/html/latest/admin-guide/hw-vuln/mds.html for more details.
Aug 16 00:12:35 ip-172-31-1-180 kernel: Transient Scheduler Attacks: MMIO Stale Data CPU bug present and SMT on, data leak possible. See https://www.kernel.org/doc/html/latest/admin-guide/hw-vuln/processor_mmio_stale_data.html for more details.
Aug 16 00:12:35 ip-172-31-1-180 kernel: smp: Brought up 1 node, 2 CPUs
Aug 16 00:12:35 ip-172-31-1-180 kernel: smpboot: Max logical packages: 1
Aug 16 00:12:35 ip-172-31-1-180 kernel: smpboot: Total of 2 processors activated (9999.98 BogoMIPS)
Aug 16 00:12:35 ip-172-31-1-180 kernel: node 0 deferred pages initialised in 0ms
Aug 16 00:12:35 ip-172-31-1-180 kernel: devtmpfs: initialized
Aug 16 00:12:35 ip-172-31-1-180 kernel: x86/mm: Memory block size: 128MB
Aug 16 00:12:35 ip-172-31-1-180 kernel: ACPI: PM: Registering ACPI NVS region [mem 0x3935e000-0x393ddfff] (524288 bytes)
Aug 16 00:12:35 ip-172-31-1-180 kernel: clocksource: jiffies: mask: 0xffffffff max_cycles: 0xffffffff, max_idle_ns: 19112604462750000 ns
Aug 16 00:12:35 ip-172-31-1-180 kernel: futex hash table entries: 512 (order: 3, 32768 bytes, linear)
Aug 16 00:12:35 ip-172-31-1-180 kernel: NET: Registered PF_NETLINK/PF_ROUTE protocol family
Aug 16 00:12:35 ip-172-31-1-180 kernel: DMA: preallocated 128 KiB GFP_KERNEL pool for atomic allocations
Aug 16 00:12:35 ip-172-31-1-180 kernel: DMA: preallocated 128 KiB GFP_KERNEL|GFP_DMA pool for atomic allocations
Aug 16 00:12:35 ip-172-31-1-180 kernel: DMA: preallocated 128 KiB GFP_KERNEL|GFP_DMA32 pool for atomic allocations
Aug 16 00:12:35 ip-172-31-1-180 kernel: audit: initializing netlink subsys (disabled)
Aug 16 00:12:35 ip-172-31-1-180 kernel: audit: type=2000 audit(1755303156.297:1): state=initialized audit_enabled=0 res=1
Aug 16 00:12:35 ip-172-31-1-180 kernel: thermal_sys: Registered thermal governor 'fair_share'
Aug 16 00:12:35 ip-172-31-1-180 kernel: thermal_sys: Registered thermal governor 'step_wise'
Aug 16 00:12:35 ip-172-31-1-180 kernel: thermal_sys: Registered thermal governor 'user_space'
Aug 16 00:12:35 ip-172-31-1-180 kernel: cpuidle: using governor ladder
Aug 16 00:12:35 ip-172-31-1-180 kernel: cpuidle: using governor menu
Aug 16 00:12:35 ip-172-31-1-180 kernel: acpiphp: ACPI Hot Plug PCI Controller Driver version: 0.5
Aug 16 00:12:35 ip-172-31-1-180 kernel: PCI: Using configuration type 1 for base access
Aug 16 00:12:35 ip-172-31-1-180 kernel: kprobes: kprobe jump-optimization is enabled. All kprobes are optimized if possible.
Aug 16 00:12:35 ip-172-31-1-180 kernel: HugeTLB: registered 1.00 GiB page size, pre-allocated 0 pages
Aug 16 00:12:35 ip-172-31-1-180 kernel: HugeTLB: 16380 KiB vmemmap can be freed for a 1.00 GiB page
Aug 16 00:12:35 ip-172-31-1-180 kernel: HugeTLB: registered 2.00 MiB page size, pre-allocated 0 pages
Aug 16 00:12:35 ip-172-31-1-180 kernel: HugeTLB: 28 KiB vmemmap can be freed for a 2.00 MiB page
Aug 16 00:12:35 ip-172-31-1-180 kernel: cryptd: max_cpu_qlen set to 1000
Aug 16 00:12:35 ip-172-31-1-180 kernel: ACPI: Added _OSI(Module Device)
Aug 16 00:12:35 ip-172-31-1-180 kernel: ACPI: Added _OSI(Processor Device)
Aug 16 00:12:35 ip-172-31-1-180 kernel: ACPI: Added _OSI(Processor Aggregator Device)
Aug 16 00:12:35 ip-172-31-1-180 kernel: ACPI: 3 ACPI AML tables successfully acquired and loaded
Aug 16 00:12:35 ip-172-31-1-180 kernel: ACPI: Interpreter enabled
Aug 16 00:12:35 ip-172-31-1-180 kernel: ACPI: PM: (supports S0 S4 S5)
Aug 16 00:12:35 ip-172-31-1-180 kernel: ACPI: Using IOAPIC for interrupt routing
Aug 16 00:12:35 ip-172-31-1-180 kernel: PCI: Using host bridge windows from ACPI; if necessary, use "pci=nocrs" and report a bug
Aug 16 00:12:35 ip-172-31-1-180 kernel: PCI: Using E820 reservations for host bridge windows
Aug 16 00:12:35 ip-172-31-1-180 kernel: ACPI: Enabled 2 GPEs in block 00 to 0F
Aug 16 00:12:35 ip-172-31-1-180 kernel: ACPI: PCI Root Bridge [PCI0] (domain 0000 [bus 00-ff])
Aug 16 00:12:35 ip-172-31-1-180 kernel: acpi PNP0A03:00: _OSC: OS supports [ASPM ClockPM Segments MSI HPX-Type3]
Aug 16 00:12:35 ip-172-31-1-180 kernel: acpi PNP0A03:00: _OSC: not requesting OS control; OS requires [ExtendedConfig ASPM ClockPM MSI]
Aug 16 00:12:35 ip-172-31-1-180 kernel: acpi PNP0A03:00: fail to add MMCONFIG information, can't access extended PCI configuration space under this bridge.
Aug 16 00:12:35 ip-172-31-1-180 kernel: acpiphp: Slot [3] registered
Aug 16 00:12:35 ip-172-31-1-180 kernel: acpiphp: Slot [4] registered
Aug 16 00:12:35 ip-172-31-1-180 kernel: acpiphp: Slot [5] registered
Aug 16 00:12:35 ip-172-31-1-180 kernel: acpiphp: Slot [6] registered
Aug 16 00:12:35 ip-172-31-1-180 kernel: acpiphp: Slot [7] registered
Aug 16 00:12:35 ip-172-31-1-180 kernel: acpiphp: Slot [8] registered
Aug 16 00:12:35 ip-172-31-1-180 kernel: acpiphp: Slot [9] registered
Aug 16 00:12:35 ip-172-31-1-180 kernel: acpiphp: Slot [10] registered
Aug 16 00:12:35 ip-172-31-1-180 kernel: acpiphp: Slot [11] registered
Aug 16 00:12:35 ip-172-31-1-180 kernel: acpiphp: Slot [12] registered
Aug 16 00:12:35 ip-172-31-1-180 kernel: acpiphp: Slot [13] registered
Aug 16 00:12:35 ip-172-31-1-180 kernel: acpiphp: Slot [14] registered
Aug 16 00:12:35 ip-172-31-1-180 kernel: acpiphp: Slot [15] registered
Aug 16 00:12:35 ip-172-31-1-180 kernel: acpiphp: Slot [16] registered
Aug 16 00:12:35 ip-172-31-1-180 kernel: acpiphp: Slot [17] registered
Aug 16 00:12:35 ip-172-31-1-180 kernel: acpiphp: Slot [18] registered
Aug 16 00:12:35 ip-172-31-1-180 kernel: acpiphp: Slot [19] registered
Aug 16 00:12:35 ip-172-31-1-180 kernel: acpiphp: Slot [20] registered
Aug 16 00:12:35 ip-172-31-1-180 kernel: acpiphp: Slot [21] registered
Aug 16 00:12:35 ip-172-31-1-180 kernel: acpiphp: Slot [22] registered
Aug 16 00:12:35 ip-172-31-1-180 kernel: acpiphp: Slot [23] registered
Aug 16 00:12:35 ip-172-31-1-180 kernel: acpiphp: Slot [24] registered
Aug 16 00:12:35 ip-172-31-1-180 kernel: acpiphp: Slot [25] registered
Aug 16 00:12:35 ip-172-31-1-180 kernel: acpiphp: Slot [26] registered
Aug 16 00:12:35 ip-172-31-1-180 kernel: acpiphp: Slot [27] registered
Aug 16 00:12:35 ip-172-31-1-180 kernel: acpiphp: Slot [28] registered
Aug 16 00:12:35 ip-172-31-1-180 kernel: acpiphp: Slot [29] registered
Aug 16 00:12:35 ip-172-31-1-180 kernel: acpiphp: Slot [30] registered
Aug 16 00:12:35 ip-172-31-1-180 kernel: acpiphp: Slot [31] registered
Aug 16 00:12:35 ip-172-31-1-180 kernel: PCI host bridge to bus 0000:00
Aug 16 00:12:35 ip-172-31-1-180 kernel: pci_bus 0000:00: root bus resource [io  0x0000-0x0cf7 window]
Aug 16 00:12:35 ip-172-31-1-180 kernel: pci_bus 0000:00: root bus resource [io  0x0d00-0xffff window]
Aug 16 00:12:35 ip-172-31-1-180 kernel: pci_bus 0000:00: root bus resource [mem 0x000a0000-0x000bffff window]
Aug 16 00:12:35 ip-172-31-1-180 kernel: pci_bus 0000:00: root bus resource [mem 0x80000000-0xfebfffff window]
Aug 16 00:12:35 ip-172-31-1-180 kernel: pci_bus 0000:00: root bus resource [mem 0x100000000-0x2000ffffffff window]
Aug 16 00:12:35 ip-172-31-1-180 kernel: pci_bus 0000:00: root bus resource [bus 00-ff]
Aug 16 00:12:35 ip-172-31-1-180 kernel: pci 0000:00:00.0: [8086:1237] type 00 class 0x060000
Aug 16 00:12:35 ip-172-31-1-180 kernel: pci 0000:00:01.0: [8086:7000] type 00 class 0x060100
Aug 16 00:12:35 ip-172-31-1-180 kernel: pci 0000:00:01.3: [8086:7113] type 00 class 0x000000
Aug 16 00:12:35 ip-172-31-1-180 kernel: pci 0000:00:01.3: quirk: [io  0xb000-0xb03f] claimed by PIIX4 ACPI
Aug 16 00:12:35 ip-172-31-1-180 kernel: pci 0000:00:01.3: PIIX4 devres E PIO at fff0-ffff
Aug 16 00:12:35 ip-172-31-1-180 kernel: pci 0000:00:01.3: PIIX4 devres F MMIO at ffc00000-ffffffff
Aug 16 00:12:35 ip-172-31-1-180 kernel: pci 0000:00:01.3: PIIX4 devres G PIO at fff0-ffff
Aug 16 00:12:35 ip-172-31-1-180 kernel: pci 0000:00:01.3: PIIX4 devres H MMIO at ffc00000-ffffffff
Aug 16 00:12:35 ip-172-31-1-180 kernel: pci 0000:00:01.3: PIIX4 devres I PIO at fff0-ffff
Aug 16 00:12:35 ip-172-31-1-180 kernel: pci 0000:00:01.3: PIIX4 devres J PIO at fff0-ffff
Aug 16 00:12:35 ip-172-31-1-180 kernel: pci 0000:00:03.0: [1d0f:1111] type 00 class 0x030000
Aug 16 00:12:35 ip-172-31-1-180 kernel: pci 0000:00:03.0: reg 0x10: [mem 0x80000000-0x803fffff pref]
Aug 16 00:12:35 ip-172-31-1-180 kernel: pci 0000:00:03.0: reg 0x30: [mem 0xffff0000-0xffffffff pref]
Aug 16 00:12:35 ip-172-31-1-180 kernel: pci 0000:00:03.0: Video device with shadowed ROM at [mem 0x000c0000-0x000dffff]
Aug 16 00:12:35 ip-172-31-1-180 kernel: pci 0000:00:04.0: [1d0f:8061] type 00 class 0x010802
Aug 16 00:12:35 ip-172-31-1-180 kernel: pci 0000:00:04.0: reg 0x10: [mem 0x80404000-0x80407fff]
Aug 16 00:12:35 ip-172-31-1-180 kernel: pci 0000:00:05.0: [1d0f:ec20] type 00 class 0x020000
Aug 16 00:12:35 ip-172-31-1-180 kernel: pci 0000:00:05.0: reg 0x10: [mem 0x80400000-0x80403fff]
Aug 16 00:12:35 ip-172-31-1-180 kernel: ACPI: PCI: Interrupt link LNKA configured for IRQ 10
Aug 16 00:12:35 ip-172-31-1-180 kernel: ACPI: PCI: Interrupt link LNKB configured for IRQ 10
Aug 16 00:12:35 ip-172-31-1-180 kernel: ACPI: PCI: Interrupt link LNKC configured for IRQ 11
Aug 16 00:12:35 ip-172-31-1-180 kernel: ACPI: PCI: Interrupt link LNKD configured for IRQ 11
Aug 16 00:12:35 ip-172-31-1-180 kernel: ACPI: PCI: Interrupt link LNKS configured for IRQ 9
Aug 16 00:12:35 ip-172-31-1-180 kernel: iommu: Default domain type: Translated 
Aug 16 00:12:35 ip-172-31-1-180 kernel: iommu: DMA domain TLB invalidation policy: lazy mode 
Aug 16 00:12:35 ip-172-31-1-180 kernel: pps_core: LinuxPPS API ver. 1 registered
Aug 16 00:12:35 ip-172-31-1-180 kernel: pps_core: Software ver. 5.3.6 - Copyright 2005-2007 Rodolfo Giometti <giometti@linux.it>
Aug 16 00:12:35 ip-172-31-1-180 kernel: PTP clock support registered
Aug 16 00:12:35 ip-172-31-1-180 kernel: EDAC MC: Ver: 3.0.0
Aug 16 00:12:35 ip-172-31-1-180 kernel: Registered efivars operations
Aug 16 00:12:35 ip-172-31-1-180 kernel: NetLabel: Initializing
Aug 16 00:12:35 ip-172-31-1-180 kernel: NetLabel:  domain hash size = 128
Aug 16 00:12:35 ip-172-31-1-180 kernel: NetLabel:  protocols = UNLABELED CIPSOv4 CALIPSO
Aug 16 00:12:35 ip-172-31-1-180 kernel: NetLabel:  unlabeled traffic allowed by default
Aug 16 00:12:35 ip-172-31-1-180 kernel: PCI: Using ACPI for IRQ routing
Aug 16 00:12:35 ip-172-31-1-180 kernel: hpet0: at MMIO 0xfed00000, IRQs 2, 8, 0, 0, 0, 0, 0, 0
Aug 16 00:12:35 ip-172-31-1-180 kernel: hpet0: 8 comparators, 32-bit 62.500000 MHz counter
Aug 16 00:12:35 ip-172-31-1-180 kernel: clocksource: Switched to clocksource kvm-clock
Aug 16 00:12:35 ip-172-31-1-180 kernel: VFS: Disk quotas dquot_6.6.0
Aug 16 00:12:35 ip-172-31-1-180 kernel: VFS: Dquot-cache hash table entries: 512 (order 0, 4096 bytes)
Aug 16 00:12:35 ip-172-31-1-180 kernel: pnp: PnP ACPI init
Aug 16 00:12:35 ip-172-31-1-180 kernel: pnp: PnP ACPI: found 5 devices
Aug 16 00:12:35 ip-172-31-1-180 kernel: clocksource: acpi_pm: mask: 0xffffff max_cycles: 0xffffff, max_idle_ns: 2085701024 ns
Aug 16 00:12:35 ip-172-31-1-180 kernel: NET: Registered PF_INET protocol family
Aug 16 00:12:35 ip-172-31-1-180 kernel: IP idents hash table entries: 16384 (order: 5, 131072 bytes, linear)
Aug 16 00:12:35 ip-172-31-1-180 kernel: tcp_listen_portaddr_hash hash table entries: 512 (order: 1, 8192 bytes, linear)
Aug 16 00:12:35 ip-172-31-1-180 kernel: Table-perturb hash table entries: 65536 (order: 6, 262144 bytes, linear)
Aug 16 00:12:35 ip-172-31-1-180 kernel: TCP established hash table entries: 8192 (order: 4, 65536 bytes, linear)
Aug 16 00:12:35 ip-172-31-1-180 kernel: TCP bind hash table entries: 8192 (order: 6, 262144 bytes, linear)
Aug 16 00:12:35 ip-172-31-1-180 kernel: TCP: Hash tables configured (established 8192 bind 8192)
Aug 16 00:12:35 ip-172-31-1-180 kernel: MPTCP token hash table entries: 1024 (order: 2, 24576 bytes, linear)
Aug 16 00:12:35 ip-172-31-1-180 kernel: UDP hash table entries: 512 (order: 2, 16384 bytes, linear)
Aug 16 00:12:35 ip-172-31-1-180 kernel: UDP-Lite hash table entries: 512 (order: 2, 16384 bytes, linear)
Aug 16 00:12:35 ip-172-31-1-180 kernel: NET: Registered PF_UNIX/PF_LOCAL protocol family
Aug 16 00:12:35 ip-172-31-1-180 kernel: NET: Registered PF_XDP protocol family
Aug 16 00:12:35 ip-172-31-1-180 kernel: pci_bus 0000:00: resource 4 [io  0x0000-0x0cf7 window]
Aug 16 00:12:35 ip-172-31-1-180 kernel: pci_bus 0000:00: resource 5 [io  0x0d00-0xffff window]
Aug 16 00:12:35 ip-172-31-1-180 kernel: pci_bus 0000:00: resource 6 [mem 0x000a0000-0x000bffff window]
Aug 16 00:12:35 ip-172-31-1-180 kernel: pci_bus 0000:00: resource 7 [mem 0x80000000-0xfebfffff window]
Aug 16 00:12:35 ip-172-31-1-180 kernel: pci_bus 0000:00: resource 8 [mem 0x100000000-0x2000ffffffff window]
Aug 16 00:12:35 ip-172-31-1-180 kernel: pci 0000:00:00.0: Limiting direct PCI/PCI transfers
Aug 16 00:12:35 ip-172-31-1-180 kernel: PCI: CLS 0 bytes, default 64
Aug 16 00:12:35 ip-172-31-1-180 kernel: Trying to unpack rootfs image as initramfs...
Aug 16 00:12:35 ip-172-31-1-180 kernel: clocksource: tsc: mask: 0xffffffffffffffff max_cycles: 0x24093623c91, max_idle_ns: 440795291220 ns
Aug 16 00:12:35 ip-172-31-1-180 kernel: clocksource: Switched to clocksource tsc
Aug 16 00:12:35 ip-172-31-1-180 kernel: Initialise system trusted keyrings
Aug 16 00:12:35 ip-172-31-1-180 kernel: Key type blacklist registered
Aug 16 00:12:35 ip-172-31-1-180 kernel: workingset: timestamp_bits=36 max_order=18 bucket_order=0
Aug 16 00:12:35 ip-172-31-1-180 kernel: zbud: loaded
Aug 16 00:12:35 ip-172-31-1-180 kernel: SGI XFS with ACLs, security attributes, quota, no debug enabled
Aug 16 00:12:35 ip-172-31-1-180 kernel: integrity: Platform Keyring initialized
Aug 16 00:12:35 ip-172-31-1-180 kernel: Key type asymmetric registered
Aug 16 00:12:35 ip-172-31-1-180 kernel: Asymmetric key parser 'x509' registered
Aug 16 00:12:35 ip-172-31-1-180 kernel: Block layer SCSI generic (bsg) driver version 0.4 loaded (major 248)
Aug 16 00:12:35 ip-172-31-1-180 kernel: io scheduler mq-deadline registered
Aug 16 00:12:35 ip-172-31-1-180 kernel: io scheduler kyber registered
Aug 16 00:12:35 ip-172-31-1-180 kernel: io scheduler bfq registered
Aug 16 00:12:35 ip-172-31-1-180 kernel: shpchp: Standard Hot Plug PCI Controller Driver version: 0.4
Aug 16 00:12:35 ip-172-31-1-180 kernel: Serial: 8250/16550 driver, 4 ports, IRQ sharing disabled
Aug 16 00:12:35 ip-172-31-1-180 kernel: 00:04: ttyS0 at I/O 0x3f8 (irq = 4, base_baud = 115200) is a 16550A
Aug 16 00:12:35 ip-172-31-1-180 kernel: AMD-Vi: AMD IOMMUv2 functionality not available on this system - This is not a bug.
Aug 16 00:12:35 ip-172-31-1-180 kernel: nvme nvme0: pci function 0000:00:04.0
Aug 16 00:12:35 ip-172-31-1-180 kernel: rtc_cmos 00:00: RTC can wake from S4
Aug 16 00:12:35 ip-172-31-1-180 kernel: ACPI: \_SB_.LNKD: Enabled at IRQ 11
Aug 16 00:12:35 ip-172-31-1-180 kernel: rtc_cmos 00:00: registered as rtc0
Aug 16 00:12:35 ip-172-31-1-180 kernel: rtc_cmos 00:00: setting system clock to 2025-08-16T00:12:35 UTC (1755303155)
Aug 16 00:12:35 ip-172-31-1-180 kernel: rtc_cmos 00:00: alarms up to one day, 114 bytes nvram
Aug 16 00:12:35 ip-172-31-1-180 kernel: intel_pstate: CPU model not supported
Aug 16 00:12:35 ip-172-31-1-180 kernel: pstore: Registered efi as persistent store backend
Aug 16 00:12:35 ip-172-31-1-180 kernel: hid: raw HID events driver (C) Jiri Kosina
Aug 16 00:12:35 ip-172-31-1-180 kernel: nvme nvme0: 2/0/0 default/read/poll queues
Aug 16 00:12:35 ip-172-31-1-180 kernel: NET: Registered PF_INET6 protocol family
Aug 16 00:12:35 ip-172-31-1-180 kernel: nvme0n1: p1 p127 p128
Aug 16 00:12:35 ip-172-31-1-180 kernel: Freeing initrd memory: 16052K
Aug 16 00:12:35 ip-172-31-1-180 kernel: Segment Routing with IPv6
Aug 16 00:12:35 ip-172-31-1-180 kernel: In-situ OAM (IOAM) with IPv6
Aug 16 00:12:35 ip-172-31-1-180 kernel: NET: Registered PF_PACKET protocol family
Aug 16 00:12:35 ip-172-31-1-180 kernel: IPI shorthand broadcast: enabled
Aug 16 00:12:35 ip-172-31-1-180 kernel: AVX2 version of gcm_enc/dec engaged.
Aug 16 00:12:35 ip-172-31-1-180 kernel: AES CTR mode by8 optimization enabled
Aug 16 00:12:35 ip-172-31-1-180 kernel: sched_clock: Marking stable (215601173, 2948895)->(241195375, -22645307)
Aug 16 00:12:35 ip-172-31-1-180 kernel: registered taskstats version 1
Aug 16 00:12:35 ip-172-31-1-180 kernel: Loading compiled-in X.509 certificates
Aug 16 00:12:35 ip-172-31-1-180 kernel: Loaded X.509 cert 'Amazon.com: Amazon Linux Kernel Signing Key: f75e9ff59e91860b9e2c4f179e56a68cde11dd4f'
Aug 16 00:12:35 ip-172-31-1-180 kernel: zswap: loaded using pool lzo/zbud
Aug 16 00:12:35 ip-172-31-1-180 kernel: Key type .fscrypt registered
Aug 16 00:12:35 ip-172-31-1-180 kernel: Key type fscrypt-provisioning registered
Aug 16 00:12:35 ip-172-31-1-180 kernel: pstore: Using crash dump compression: deflate
Aug 16 00:12:35 ip-172-31-1-180 kernel: ima: No TPM chip found, activating TPM-bypass!
Aug 16 00:12:35 ip-172-31-1-180 kernel: ima: Allocated hash algorithm: sha256
Aug 16 00:12:35 ip-172-31-1-180 kernel: ima: No architecture policies found
Aug 16 00:12:35 ip-172-31-1-180 kernel: clk: Disabling unused clocks
Aug 16 00:12:35 ip-172-31-1-180 kernel: Freeing unused decrypted memory: 2036K
Aug 16 00:12:35 ip-172-31-1-180 kernel: Freeing unused kernel image (initmem) memory: 2452K
Aug 16 00:12:35 ip-172-31-1-180 kernel: Write protecting the kernel read-only data: 26624k
Aug 16 00:12:35 ip-172-31-1-180 kernel: Freeing unused kernel image (text/rodata gap) memory: 2036K
Aug 16 00:12:35 ip-172-31-1-180 kernel: Freeing unused kernel image (rodata/data gap) memory: 1328K
Aug 16 00:12:35 ip-172-31-1-180 kernel: Run /init as init process
Aug 16 00:12:35 ip-172-31-1-180 systemd[1]: systemd 252.23-6.amzn2023 running in system mode (+PAM +AUDIT +SELINUX -APPARMOR +IMA +SMACK +SECCOMP -GCRYPT -GNUTLS +OPENSSL +ACL +BLKID +CURL +ELFUTILS +FIDO2 +IDN2 -IDN -IPTC +KMOD +LIBCRYPTSETUP +LIBFDISK +PCRE2 +PWQUALITY +P11KIT +QRENCODE +TPM2 -BZIP2 -LZ4 +XZ +ZLIB -ZSTD +BPF_FRAMEWORK +XKBCOMMON +UTMP +SYSVINIT default-hierarchy=unified)
Aug 16 00:12:35 ip-172-31-1-180 systemd[1]: Detected virtualization amazon.
Aug 16 00:12:35 ip-172-31-1-180 systemd[1]: Detected architecture x86-64.
Aug 16 00:12:35 ip-172-31-1-180 systemd[1]: Running in initrd.
Aug 16 00:12:35 ip-172-31-1-180 systemd[1]: No hostname configured, using default hostname.
Aug 16 00:12:35 ip-172-31-1-180 systemd[1]: Hostname set to <localhost>.
Aug 16 00:12:35 ip-172-31-1-180 systemd[1]: Initializing machine ID from VM UUID.
Aug 16 00:12:35 ip-172-31-1-180 systemd[1]: Queued start job for default target initrd.target.
Aug 16 00:12:35 ip-172-31-1-180 systemd[1]: Started systemd-ask-password-console.path - Dispatch Password Requests to Console Directory Watch.
Aug 16 00:12:35 ip-172-31-1-180 systemd[1]: Expecting device dev-disk-by\x2duuid-9cfb9fdd\x2d52b1\x2d45cb\x2db8ec\x2d8a692e84a59d.device - /dev/disk/by-uuid/9cfb9fdd-52b1-45cb-b8ec-8a692e84a59d...
Aug 16 00:12:35 ip-172-31-1-180 systemd[1]: Reached target initrd-usr-fs.target - Initrd /usr File System.
Aug 16 00:12:35 ip-172-31-1-180 systemd[1]: Reached target local-fs.target - Local File Systems.
Aug 16 00:12:35 ip-172-31-1-180 systemd[1]: Reached target paths.target - Path Units.
Aug 16 00:12:35 ip-172-31-1-180 systemd[1]: Reached target slices.target - Slice Units.
Aug 16 00:12:35 ip-172-31-1-180 systemd[1]: Reached target swap.target - Swaps.
Aug 16 00:12:35 ip-172-31-1-180 systemd[1]: Reached target timers.target - Timer Units.
Aug 16 00:12:35 ip-172-31-1-180 systemd[1]: Listening on systemd-journald-audit.socket - Journal Audit Socket.
Aug 16 00:12:35 ip-172-31-1-180 systemd[1]: Listening on systemd-journald-dev-log.socket - Journal Socket (/dev/log).
Aug 16 00:12:35 ip-172-31-1-180 systemd[1]: Listening on systemd-journald.socket - Journal Socket.
Aug 16 00:12:35 ip-172-31-1-180 systemd[1]: Listening on systemd-udevd-control.socket - udev Control Socket.
Aug 16 00:12:35 ip-172-31-1-180 systemd[1]: Listening on systemd-udevd-kernel.socket - udev Kernel Socket.
Aug 16 00:12:35 ip-172-31-1-180 systemd[1]: Reached target sockets.target - Socket Units.
Aug 16 00:12:35 ip-172-31-1-180 systemd[1]: kmod-static-nodes.service - Create List of Static Device Nodes was skipped because of an unmet condition check (ConditionFileNotEmpty=/lib/modules/6.1.147-172.259.amzn2023.x86_64/modules.devname).
Aug 16 00:12:35 ip-172-31-1-180 systemd[1]: Starting systemd-journald.service - Journal Service...
Aug 16 00:12:35 ip-172-31-1-180 systemd[1]: systemd-modules-load.service - Load Kernel Modules was skipped because no trigger condition checks were met.
Aug 16 00:12:35 ip-172-31-1-180 systemd[1]: Starting systemd-sysctl.service - Apply Kernel Variables...
Aug 16 00:12:35 ip-172-31-1-180 systemd[1]: Starting systemd-sysusers.service - Create System Users...
Aug 16 00:12:35 ip-172-31-1-180 systemd[1]: Starting systemd-vconsole-setup.service - Setup Virtual Console...
Aug 16 00:12:35 ip-172-31-1-180 systemd[1]: Finished systemd-vconsole-setup.service - Setup Virtual Console.
Aug 16 00:12:35 ip-172-31-1-180 systemd[1]: dracut-cmdline-ask.service - dracut ask for additional cmdline parameters was skipped because no trigger condition checks were met.
Aug 16 00:12:35 ip-172-31-1-180 systemd[1]: Starting dracut-cmdline.service - dracut cmdline hook...
Aug 16 00:12:35 ip-172-31-1-180 systemd[1]: Finished systemd-sysusers.service - Create System Users.
Aug 16 00:12:35 ip-172-31-1-180 kernel: audit: type=1130 audit(1755303155.920:2): pid=1 uid=0 auid=4294967295 ses=4294967295 subj=kernel msg='unit=systemd-sysusers comm="systemd" exe="/usr/lib/systemd/systemd" hostname=? addr=? terminal=? res=success'
Aug 16 00:12:35 ip-172-31-1-180 systemd[1]: Starting systemd-tmpfiles-setup-dev.service - Create Static Device Nodes in /dev...
Aug 16 00:12:35 ip-172-31-1-180 systemd[1]: Finished systemd-sysctl.service - Apply Kernel Variables.
Aug 16 00:12:35 ip-172-31-1-180 kernel: audit: type=1130 audit(1755303155.920:3): pid=1 uid=0 auid=4294967295 ses=4294967295 subj=kernel msg='unit=systemd-sysctl comm="systemd" exe="/usr/lib/systemd/systemd" hostname=? addr=? terminal=? res=success'
Aug 16 00:12:35 ip-172-31-1-180 systemd-journald[341]: Journal started
Aug 16 00:12:35 ip-172-31-1-180 systemd-journald[341]: Runtime Journal (/run/log/journal/ec2e11ee5e48cc532a3bdaab80bf9246) is 2.2M, max 18.0M, 15.8M free.
Aug 16 00:12:35 ip-172-31-1-180 audit[1]: SERVICE_START pid=1 uid=0 auid=4294967295 ses=4294967295 subj=kernel msg='unit=systemd-sysusers comm="systemd" exe="/usr/lib/systemd/systemd" hostname=? addr=? terminal=? res=success'
Aug 16 00:12:35 ip-172-31-1-180 audit[1]: SERVICE_START pid=1 uid=0 auid=4294967295 ses=4294967295 subj=kernel msg='unit=systemd-sysctl comm="systemd" exe="/usr/lib/systemd/systemd" hostname=? addr=? terminal=? res=success'
Aug 16 00:12:35 ip-172-31-1-180 systemd-sysusers[343]: Creating group 'nobody' with GID 65534.
Aug 16 00:12:35 ip-172-31-1-180 systemd-sysusers[343]: Creating group 'users' with GID 100.
Aug 16 00:12:35 ip-172-31-1-180 systemd-sysusers[343]: Creating group 'systemd-journal' with GID 190.
Aug 16 00:12:35 ip-172-31-1-180 audit[1]: SERVICE_START pid=1 uid=0 auid=4294967295 ses=4294967295 subj=kernel msg='unit=systemd-journald comm="systemd" exe="/usr/lib/systemd/systemd" hostname=? addr=? terminal=? res=success'
Aug 16 00:12:35 ip-172-31-1-180 systemd[1]: Starting systemd-tmpfiles-setup.service - Create Volatile Files and Directories...
Aug 16 00:12:35 ip-172-31-1-180 dracut-cmdline[345]: dracut-102-3.amzn2023.0.1
Aug 16 00:12:35 ip-172-31-1-180 systemd[1]: Started systemd-journald.service - Journal Service.
Aug 16 00:12:35 ip-172-31-1-180 kernel: audit: type=1130 audit(1755303155.930:4): pid=1 uid=0 auid=4294967295 ses=4294967295 subj=kernel msg='unit=systemd-journald comm="systemd" exe="/usr/lib/systemd/systemd" hostname=? addr=? terminal=? res=success'
Aug 16 00:12:35 ip-172-31-1-180 kernel: audit: type=1130 audit(1755303155.940:5): pid=1 uid=0 auid=4294967295 ses=4294967295 subj=kernel msg='unit=systemd-tmpfiles-setup-dev comm="systemd" exe="/usr/lib/systemd/systemd" hostname=? addr=? terminal=? res=success'
Aug 16 00:12:35 ip-172-31-1-180 audit[1]: SERVICE_START pid=1 uid=0 auid=4294967295 ses=4294967295 subj=kernel msg='unit=systemd-tmpfiles-setup-dev comm="systemd" exe="/usr/lib/systemd/systemd" hostname=? addr=? terminal=? res=success'
Aug 16 00:12:35 ip-172-31-1-180 systemd[1]: Finished systemd-tmpfiles-setup-dev.service - Create Static Device Nodes in /dev.
Aug 16 00:12:35 ip-172-31-1-180 systemd-tmpfiles[360]: /usr/lib/tmpfiles.d/var.conf:14: Duplicate line for path "/var/log", ignoring.
Aug 16 00:12:35 ip-172-31-1-180 dracut-cmdline[345]: Using kernel command line parameters:    BOOT_IMAGE=(hd0,gpt1)/boot/vmlinuz-6.1.147-172.259.amzn2023.x86_64 root=UUID=9cfb9fdd-52b1-45cb-b8ec-8a692e84a59d ro console=tty0 console=ttyS0,115200n8 nvme_core.io_timeout=4294967295 rd.emergency=poweroff rd.shell=0 selinux=1 security=selinux quiet
Aug 16 00:12:35 ip-172-31-1-180 audit[1]: SERVICE_START pid=1 uid=0 auid=4294967295 ses=4294967295 subj=kernel msg='unit=systemd-tmpfiles-setup comm="systemd" exe="/usr/lib/systemd/systemd" hostname=? addr=? terminal=? res=success'
Aug 16 00:12:35 ip-172-31-1-180 systemd[1]: Finished systemd-tmpfiles-setup.service - Create Volatile Files and Directories.
Aug 16 00:12:35 ip-172-31-1-180 kernel: audit: type=1130 audit(1755303155.940:6): pid=1 uid=0 auid=4294967295 ses=4294967295 subj=kernel msg='unit=systemd-tmpfiles-setup comm="systemd" exe="/usr/lib/systemd/systemd" hostname=? addr=? terminal=? res=success'
Aug 16 00:12:35 ip-172-31-1-180 systemd[1]: Finished dracut-cmdline.service - dracut cmdline hook.
Aug 16 00:12:35 ip-172-31-1-180 audit[1]: SERVICE_START pid=1 uid=0 auid=4294967295 ses=4294967295 subj=kernel msg='unit=dracut-cmdline comm="systemd" exe="/usr/lib/systemd/systemd" hostname=? addr=? terminal=? res=success'
Aug 16 00:12:35 ip-172-31-1-180 systemd[1]: dracut-pre-udev.service - dracut pre-udev hook was skipped because no trigger condition checks were met.
Aug 16 00:12:35 ip-172-31-1-180 audit: BPF prog-id=6 op=LOAD
Aug 16 00:12:35 ip-172-31-1-180 audit: BPF prog-id=7 op=LOAD
Aug 16 00:12:35 ip-172-31-1-180 kernel: audit: type=1130 audit(1755303155.970:7): pid=1 uid=0 auid=4294967295 ses=4294967295 subj=kernel msg='unit=dracut-cmdline comm="systemd" exe="/usr/lib/systemd/systemd" hostname=? addr=? terminal=? res=success'
Aug 16 00:12:35 ip-172-31-1-180 kernel: audit: type=1334 audit(1755303155.970:8): prog-id=6 op=LOAD
Aug 16 00:12:35 ip-172-31-1-180 kernel: audit: type=1334 audit(1755303155.970:9): prog-id=7 op=LOAD
Aug 16 00:12:36 ip-172-31-1-180 systemd[1]: Starting systemd-udevd.service - Rule-based Manager for Device Events and Files...
Aug 16 00:12:36 ip-172-31-1-180 systemd-udevd[406]: Using default interface naming scheme 'v252'.
Aug 16 00:12:36 ip-172-31-1-180 systemd[1]: Started systemd-udevd.service - Rule-based Manager for Device Events and Files.
Aug 16 00:12:36 ip-172-31-1-180 audit[1]: SERVICE_START pid=1 uid=0 auid=4294967295 ses=4294967295 subj=kernel msg='unit=systemd-udevd comm="systemd" exe="/usr/lib/systemd/systemd" hostname=? addr=? terminal=? res=success'
Aug 16 00:12:36 ip-172-31-1-180 systemd[1]: Starting dracut-pre-trigger.service - dracut pre-trigger hook...
Aug 16 00:12:36 ip-172-31-1-180 kernel: audit: type=1130 audit(1755303156.010:10): pid=1 uid=0 auid=4294967295 ses=4294967295 subj=kernel msg='unit=systemd-udevd comm="systemd" exe="/usr/lib/systemd/systemd" hostname=? addr=? terminal=? res=success'
Aug 16 00:12:36 ip-172-31-1-180 systemd[1]: Finished dracut-pre-trigger.service - dracut pre-trigger hook.
Aug 16 00:12:36 ip-172-31-1-180 audit[1]: SERVICE_START pid=1 uid=0 auid=4294967295 ses=4294967295 subj=kernel msg='unit=dracut-pre-trigger comm="systemd" exe="/usr/lib/systemd/systemd" hostname=? addr=? terminal=? res=success'
Aug 16 00:12:36 ip-172-31-1-180 systemd[1]: Starting systemd-udev-trigger.service - Coldplug All udev Devices...
Aug 16 00:12:36 ip-172-31-1-180 systemd[1]: Finished systemd-udev-trigger.service - Coldplug All udev Devices.
Aug 16 00:12:36 ip-172-31-1-180 systemd[1]: Reached target sysinit.target - System Initialization.
Aug 16 00:12:36 ip-172-31-1-180 systemd[1]: Reached target basic.target - Basic System.
Aug 16 00:12:36 ip-172-31-1-180 systemd[1]: dracut-initqueue.service - dracut initqueue hook was skipped because no trigger condition checks were met.
Aug 16 00:12:36 ip-172-31-1-180 systemd[1]: Reached target remote-fs-pre.target - Preparation for Remote File Systems.
Aug 16 00:12:36 ip-172-31-1-180 systemd[1]: Reached target remote-fs.target - Remote File Systems.
Aug 16 00:12:36 ip-172-31-1-180 systemd[1]: dracut-pre-mount.service - dracut pre-mount hook was skipped because no trigger condition checks were met.
Aug 16 00:12:36 ip-172-31-1-180 audit[1]: SERVICE_START pid=1 uid=0 auid=4294967295 ses=4294967295 subj=kernel msg='unit=systemd-udev-trigger comm="systemd" exe="/usr/lib/systemd/systemd" hostname=? addr=? terminal=? res=success'
Aug 16 00:12:36 ip-172-31-1-180 systemd[1]: Started rngd.service - Hardware RNG Entropy Gatherer Daemon.
Aug 16 00:12:36 ip-172-31-1-180 audit[1]: SERVICE_START pid=1 uid=0 auid=4294967295 ses=4294967295 subj=kernel msg='unit=rngd comm="systemd" exe="/usr/lib/systemd/systemd" hostname=? addr=? terminal=? res=success'
Aug 16 00:12:36 ip-172-31-1-180 rngd[765]: Disabling 7: PKCS11 Entropy generator (pkcs11)
Aug 16 00:12:36 ip-172-31-1-180 rngd[765]: Disabling 5: NIST Network Entropy Beacon (nist)
Aug 16 00:12:36 ip-172-31-1-180 rngd[765]: Initializing available sources
Aug 16 00:12:36 ip-172-31-1-180 rngd[765]: [hwrng ]: Initialization Failed
Aug 16 00:12:36 ip-172-31-1-180 rngd[765]: [rdrand]: Enabling RDSEED rng support
Aug 16 00:12:36 ip-172-31-1-180 rngd[765]: [rdrand]: Initialized
Aug 16 00:12:36 ip-172-31-1-180 systemd[1]: Found device dev-disk-by\x2duuid-9cfb9fdd\x2d52b1\x2d45cb\x2db8ec\x2d8a692e84a59d.device - Amazon Elastic Block Store /.
Aug 16 00:12:36 ip-172-31-1-180 systemd[1]: Reached target initrd-root-device.target - Initrd Root Device.
Aug 16 00:12:36 ip-172-31-1-180 rngd[765]: [jitter]: Initializing AES buffer
Aug 16 00:12:36 ip-172-31-1-180 systemd[1]: Mounting sysroot.mount - /sysroot...
Aug 16 00:12:37 ip-172-31-1-180 kernel: XFS (nvme0n1p1): Mounting V5 Filesystem
Aug 16 00:12:37 ip-172-31-1-180 systemd[1]: Mounted sysroot.mount - /sysroot.
Aug 16 00:12:37 ip-172-31-1-180 kernel: XFS (nvme0n1p1): Ending clean mount
Aug 16 00:12:37 ip-172-31-1-180 systemd[1]: Reached target initrd-root-fs.target - Initrd Root File System.
Aug 16 00:12:37 ip-172-31-1-180 systemd[1]: Starting initrd-parse-etc.service - Mountpoints Configured in the Real Root...
Aug 16 00:12:37 ip-172-31-1-180 systemd[1]: initrd-parse-etc.service: Deactivated successfully.
Aug 16 00:12:37 ip-172-31-1-180 systemd[1]: Finished initrd-parse-etc.service - Mountpoints Configured in the Real Root.
Aug 16 00:12:37 ip-172-31-1-180 audit[1]: SERVICE_START pid=1 uid=0 auid=4294967295 ses=4294967295 subj=kernel msg='unit=initrd-parse-etc comm="systemd" exe="/usr/lib/systemd/systemd" hostname=? addr=? terminal=? res=success'
Aug 16 00:12:37 ip-172-31-1-180 audit[1]: SERVICE_STOP pid=1 uid=0 auid=4294967295 ses=4294967295 subj=kernel msg='unit=initrd-parse-etc comm="systemd" exe="/usr/lib/systemd/systemd" hostname=? addr=? terminal=? res=success'
Aug 16 00:12:37 ip-172-31-1-180 systemd[1]: Reached target initrd-fs.target - Initrd File Systems.
Aug 16 00:12:37 ip-172-31-1-180 systemd[1]: Reached target initrd.target - Initrd Default Target.
Aug 16 00:12:37 ip-172-31-1-180 systemd[1]: dracut-mount.service - dracut mount hook was skipped because no trigger condition checks were met.
Aug 16 00:12:37 ip-172-31-1-180 systemd[1]: dracut-pre-pivot.service - dracut pre-pivot and cleanup hook was skipped because no trigger condition checks were met.
Aug 16 00:12:37 ip-172-31-1-180 systemd[1]: Starting initrd-cleanup.service - Cleaning Up and Shutting Down Daemons...
Aug 16 00:12:37 ip-172-31-1-180 systemd[1]: Stopped target initrd.target - Initrd Default Target.
Aug 16 00:12:37 ip-172-31-1-180 systemd[1]: Stopped target initrd-root-device.target - Initrd Root Device.
Aug 16 00:12:37 ip-172-31-1-180 systemd[1]: Stopped target initrd-usr-fs.target - Initrd /usr File System.
Aug 16 00:12:37 ip-172-31-1-180 systemd[1]: Stopped target remote-fs.target - Remote File Systems.
Aug 16 00:12:37 ip-172-31-1-180 systemd[1]: Stopped target remote-fs-pre.target - Preparation for Remote File Systems.
Aug 16 00:12:37 ip-172-31-1-180 systemd[1]: Stopped target timers.target - Timer Units.
Aug 16 00:12:37 ip-172-31-1-180 systemd[1]: dracut-cmdline.service: Deactivated successfully.
Aug 16 00:12:37 ip-172-31-1-180 systemd[1]: Stopped dracut-cmdline.service - dracut cmdline hook.
Aug 16 00:12:37 ip-172-31-1-180 audit[1]: SERVICE_STOP pid=1 uid=0 auid=4294967295 ses=4294967295 subj=kernel msg='unit=dracut-cmdline comm="systemd" exe="/usr/lib/systemd/systemd" hostname=? addr=? terminal=? res=success'
Aug 16 00:12:37 ip-172-31-1-180 systemd[1]: Stopping rngd.service - Hardware RNG Entropy Gatherer Daemon...
Aug 16 00:12:37 ip-172-31-1-180 systemd[1]: systemd-vconsole-setup.service: Deactivated successfully.
Aug 16 00:12:37 ip-172-31-1-180 systemd[1]: Stopped systemd-vconsole-setup.service - Setup Virtual Console.
Aug 16 00:12:37 ip-172-31-1-180 audit[1]: SERVICE_STOP pid=1 uid=0 auid=4294967295 ses=4294967295 subj=kernel msg='unit=systemd-vconsole-setup comm="systemd" exe="/usr/lib/systemd/systemd" hostname=? addr=? terminal=? res=success'
Aug 16 00:12:37 ip-172-31-1-180 systemd[1]: initrd-cleanup.service: Deactivated successfully.
Aug 16 00:12:37 ip-172-31-1-180 systemd[1]: Finished initrd-cleanup.service - Cleaning Up and Shutting Down Daemons.
Aug 16 00:12:37 ip-172-31-1-180 audit[1]: SERVICE_START pid=1 uid=0 auid=4294967295 ses=4294967295 subj=kernel msg='unit=initrd-cleanup comm="systemd" exe="/usr/lib/systemd/systemd" hostname=? addr=? terminal=? res=success'
Aug 16 00:12:37 ip-172-31-1-180 audit[1]: SERVICE_STOP pid=1 uid=0 auid=4294967295 ses=4294967295 subj=kernel msg='unit=initrd-cleanup comm="systemd" exe="/usr/lib/systemd/systemd" hostname=? addr=? terminal=? res=success'
Aug 16 00:12:37 ip-172-31-1-180 systemd[1]: rngd.service: Deactivated successfully.
Aug 16 00:12:37 ip-172-31-1-180 systemd[1]: Stopped rngd.service - Hardware RNG Entropy Gatherer Daemon.
Aug 16 00:12:37 ip-172-31-1-180 systemd[1]: rngd.service: Consumed 1.981s CPU time.
Aug 16 00:12:37 ip-172-31-1-180 audit[1]: SERVICE_STOP pid=1 uid=0 auid=4294967295 ses=4294967295 subj=kernel msg='unit=rngd comm="systemd" exe="/usr/lib/systemd/systemd" hostname=? addr=? terminal=? res=success'
Aug 16 00:12:37 ip-172-31-1-180 systemd[1]: Stopped target basic.target - Basic System.
Aug 16 00:12:37 ip-172-31-1-180 systemd[1]: Stopped target paths.target - Path Units.
Aug 16 00:12:37 ip-172-31-1-180 systemd[1]: systemd-ask-password-console.path: Deactivated successfully.
Aug 16 00:12:37 ip-172-31-1-180 systemd[1]: Stopped systemd-ask-password-console.path - Dispatch Password Requests to Console Directory Watch.
Aug 16 00:12:37 ip-172-31-1-180 systemd[1]: Stopped target slices.target - Slice Units.
Aug 16 00:12:37 ip-172-31-1-180 systemd[1]: Stopped target sockets.target - Socket Units.
Aug 16 00:12:37 ip-172-31-1-180 systemd[1]: Stopped target sysinit.target - System Initialization.
Aug 16 00:12:37 ip-172-31-1-180 systemd[1]: Stopped target swap.target - Swaps.
Aug 16 00:12:37 ip-172-31-1-180 systemd[1]: systemd-sysctl.service: Deactivated successfully.
Aug 16 00:12:37 ip-172-31-1-180 systemd[1]: Stopped systemd-sysctl.service - Apply Kernel Variables.
Aug 16 00:12:37 ip-172-31-1-180 audit[1]: SERVICE_STOP pid=1 uid=0 auid=4294967295 ses=4294967295 subj=kernel msg='unit=systemd-sysctl comm="systemd" exe="/usr/lib/systemd/systemd" hostname=? addr=? terminal=? res=success'
Aug 16 00:12:37 ip-172-31-1-180 systemd[1]: systemd-tmpfiles-setup.service: Deactivated successfully.
Aug 16 00:12:37 ip-172-31-1-180 systemd[1]: Stopped systemd-tmpfiles-setup.service - Create Volatile Files and Directories.
Aug 16 00:12:37 ip-172-31-1-180 audit[1]: SERVICE_STOP pid=1 uid=0 auid=4294967295 ses=4294967295 subj=kernel msg='unit=systemd-tmpfiles-setup comm="systemd" exe="/usr/lib/systemd/systemd" hostname=? addr=? terminal=? res=success'
Aug 16 00:12:37 ip-172-31-1-180 systemd[1]: Stopped target local-fs.target - Local File Systems.
Aug 16 00:12:37 ip-172-31-1-180 systemd[1]: systemd-udev-trigger.service: Deactivated successfully.
Aug 16 00:12:37 ip-172-31-1-180 systemd[1]: Stopped systemd-udev-trigger.service - Coldplug All udev Devices.
Aug 16 00:12:37 ip-172-31-1-180 audit[1]: SERVICE_STOP pid=1 uid=0 auid=4294967295 ses=4294967295 subj=kernel msg='unit=systemd-udev-trigger comm="systemd" exe="/usr/lib/systemd/systemd" hostname=? addr=? terminal=? res=success'
Aug 16 00:12:37 ip-172-31-1-180 systemd[1]: dracut-pre-trigger.service: Deactivated successfully.
Aug 16 00:12:37 ip-172-31-1-180 systemd[1]: Stopped dracut-pre-trigger.service - dracut pre-trigger hook.
Aug 16 00:12:37 ip-172-31-1-180 audit[1]: SERVICE_STOP pid=1 uid=0 auid=4294967295 ses=4294967295 subj=kernel msg='unit=dracut-pre-trigger comm="systemd" exe="/usr/lib/systemd/systemd" hostname=? addr=? terminal=? res=success'
Aug 16 00:12:37 ip-172-31-1-180 systemd[1]: Stopping systemd-udevd.service - Rule-based Manager for Device Events and Files...
Aug 16 00:12:37 ip-172-31-1-180 systemd[1]: run-credentials-systemd\x2dtmpfiles\x2dsetup.service.mount: Deactivated successfully.
Aug 16 00:12:37 ip-172-31-1-180 systemd[1]: run-credentials-systemd\x2dsysctl.service.mount: Deactivated successfully.
Aug 16 00:12:37 ip-172-31-1-180 systemd[1]: systemd-udevd.service: Deactivated successfully.
Aug 16 00:12:37 ip-172-31-1-180 systemd[1]: Stopped systemd-udevd.service - Rule-based Manager for Device Events and Files.
Aug 16 00:12:37 ip-172-31-1-180 audit[1]: SERVICE_STOP pid=1 uid=0 auid=4294967295 ses=4294967295 subj=kernel msg='unit=systemd-udevd comm="systemd" exe="/usr/lib/systemd/systemd" hostname=? addr=? terminal=? res=success'
Aug 16 00:12:37 ip-172-31-1-180 systemd[1]: systemd-udevd-control.socket: Deactivated successfully.
Aug 16 00:12:37 ip-172-31-1-180 systemd[1]: Closed systemd-udevd-control.socket - udev Control Socket.
Aug 16 00:12:37 ip-172-31-1-180 systemd[1]: systemd-udevd-kernel.socket: Deactivated successfully.
Aug 16 00:12:37 ip-172-31-1-180 systemd[1]: Closed systemd-udevd-kernel.socket - udev Kernel Socket.
Aug 16 00:12:37 ip-172-31-1-180 audit[1]: SERVICE_STOP pid=1 uid=0 auid=4294967295 ses=4294967295 subj=kernel msg='unit=systemd-tmpfiles-setup-dev comm="systemd" exe="/usr/lib/systemd/systemd" hostname=? addr=? terminal=? res=success'
Aug 16 00:12:37 ip-172-31-1-180 audit[1]: SERVICE_STOP pid=1 uid=0 auid=4294967295 ses=4294967295 subj=kernel msg='unit=systemd-sysusers comm="systemd" exe="/usr/lib/systemd/systemd" hostname=? addr=? terminal=? res=success'
Aug 16 00:12:37 ip-172-31-1-180 systemd[1]: Starting initrd-udevadm-cleanup-db.service - Cleanup udev Database...
Aug 16 00:12:37 ip-172-31-1-180 systemd[1]: systemd-tmpfiles-setup-dev.service: Deactivated successfully.
Aug 16 00:12:37 ip-172-31-1-180 systemd[1]: Stopped systemd-tmpfiles-setup-dev.service - Create Static Device Nodes in /dev.
Aug 16 00:12:37 ip-172-31-1-180 systemd[1]: systemd-sysusers.service: Deactivated successfully.
Aug 16 00:12:37 ip-172-31-1-180 systemd[1]: Stopped systemd-sysusers.service - Create System Users.
Aug 16 00:12:37 ip-172-31-1-180 systemd[1]: run-credentials-systemd\x2dtmpfiles\x2dsetup\x2ddev.service.mount: Deactivated successfully.
Aug 16 00:12:37 ip-172-31-1-180 systemd[1]: run-credentials-systemd\x2dsysusers.service.mount: Deactivated successfully.
Aug 16 00:12:37 ip-172-31-1-180 systemd[1]: initrd-udevadm-cleanup-db.service: Deactivated successfully.
Aug 16 00:12:37 ip-172-31-1-180 systemd[1]: Finished initrd-udevadm-cleanup-db.service - Cleanup udev Database.
Aug 16 00:12:37 ip-172-31-1-180 audit[1]: SERVICE_START pid=1 uid=0 auid=4294967295 ses=4294967295 subj=kernel msg='unit=initrd-udevadm-cleanup-db comm="systemd" exe="/usr/lib/systemd/systemd" hostname=? addr=? terminal=? res=success'
Aug 16 00:12:37 ip-172-31-1-180 audit[1]: SERVICE_STOP pid=1 uid=0 auid=4294967295 ses=4294967295 subj=kernel msg='unit=initrd-udevadm-cleanup-db comm="systemd" exe="/usr/lib/systemd/systemd" hostname=? addr=? terminal=? res=success'
Aug 16 00:12:37 ip-172-31-1-180 systemd[1]: Reached target initrd-switch-root.target - Switch Root.
Aug 16 00:12:37 ip-172-31-1-180 systemd[1]: Starting initrd-switch-root.service - Switch Root...
Aug 16 00:12:37 ip-172-31-1-180 systemd[1]: Switching root.
Aug 16 00:12:37 ip-172-31-1-180 systemd-journald[341]: Journal stopped
Aug 16 00:12:39 ip-172-31-1-180 systemd-journald[341]: Received SIGTERM from PID 1 (systemd).
Aug 16 00:12:39 ip-172-31-1-180 kernel: SELinux:  Class user_namespace not defined in policy.
Aug 16 00:12:39 ip-172-31-1-180 kernel: SELinux: the above unknown classes and permissions will be allowed
Aug 16 00:12:39 ip-172-31-1-180 kernel: SELinux:  policy capability network_peer_controls=1
Aug 16 00:12:39 ip-172-31-1-180 kernel: SELinux:  policy capability open_perms=1
Aug 16 00:12:39 ip-172-31-1-180 kernel: SELinux:  policy capability extended_socket_class=1
Aug 16 00:12:39 ip-172-31-1-180 kernel: SELinux:  policy capability always_check_network=0
Aug 16 00:12:39 ip-172-31-1-180 kernel: SELinux:  policy capability cgroup_seclabel=1
Aug 16 00:12:39 ip-172-31-1-180 kernel: SELinux:  policy capability nnp_nosuid_transition=1
Aug 16 00:12:39 ip-172-31-1-180 kernel: SELinux:  policy capability genfs_seclabel_symlinks=1
Aug 16 00:12:39 ip-172-31-1-180 kernel: SELinux:  policy capability ioctl_skip_cloexec=0
Aug 16 00:12:39 ip-172-31-1-180 systemd[1]: Successfully loaded SELinux policy in 220.573ms.
Aug 16 00:12:39 ip-172-31-1-180 systemd[1]: Relabelled /dev, /dev/shm, /run, /sys/fs/cgroup in 20.850ms.
Aug 16 00:12:39 ip-172-31-1-180 systemd[1]: systemd 252.23-6.amzn2023 running in system mode (+PAM +AUDIT +SELINUX -APPARMOR +IMA +SMACK +SECCOMP -GCRYPT -GNUTLS +OPENSSL +ACL +BLKID +CURL +ELFUTILS +FIDO2 +IDN2 -IDN -IPTC +KMOD +LIBCRYPTSETUP +LIBFDISK +PCRE2 +PWQUALITY +P11KIT +QRENCODE +TPM2 -BZIP2 -LZ4 +XZ +ZLIB -ZSTD +BPF_FRAMEWORK +XKBCOMMON +UTMP +SYSVINIT default-hierarchy=unified)
Aug 16 00:12:39 ip-172-31-1-180 systemd[1]: Detected virtualization amazon.
Aug 16 00:12:39 ip-172-31-1-180 systemd[1]: Detected architecture x86-64.
Aug 16 00:12:39 ip-172-31-1-180 systemd[1]: Hostname set to <ip-172-31-1-180.ec2.internal>.
Aug 16 00:12:39 ip-172-31-1-180 systemd[1]: bpf-lsm: LSM BPF program attached
Aug 16 00:12:39 ip-172-31-1-180 zram_generator::config[807]: zram0: system has too much memory (904MB), limit is 800MB, ignoring.
Aug 16 00:12:39 ip-172-31-1-180 systemd[1]: /usr/lib/systemd/system/acpid.socket:6: ListenStream= references a path below legacy directory /var/run/, updating /var/run/acpid.socket  /run/acpid.socket; please update the unit file accordingly.
Aug 16 00:12:39 ip-172-31-1-180 systemd[1]: initrd-switch-root.service: Deactivated successfully.
Aug 16 00:12:39 ip-172-31-1-180 systemd[1]: Stopped initrd-switch-root.service - Switch Root.
Aug 16 00:12:39 ip-172-31-1-180 systemd[1]: systemd-journald.service: Scheduled restart job, restart counter is at 1.
Aug 16 00:12:39 ip-172-31-1-180 systemd[1]: Created slice system-getty.slice - Slice /system/getty.
Aug 16 00:12:39 ip-172-31-1-180 systemd[1]: Created slice system-modprobe.slice - Slice /system/modprobe.
Aug 16 00:12:39 ip-172-31-1-180 systemd[1]: Created slice system-serial\x2dgetty.slice - Slice /system/serial-getty.
Aug 16 00:12:39 ip-172-31-1-180 systemd[1]: Created slice system-sshd\x2dkeygen.slice - Slice /system/sshd-keygen.
Aug 16 00:12:39 ip-172-31-1-180 systemd[1]: Created slice user.slice - User and Session Slice.
Aug 16 00:12:39 ip-172-31-1-180 systemd[1]: Started systemd-ask-password-console.path - Dispatch Password Requests to Console Directory Watch.
Aug 16 00:12:39 ip-172-31-1-180 systemd[1]: Started systemd-ask-password-wall.path - Forward Password Requests to Wall Directory Watch.
Aug 16 00:12:39 ip-172-31-1-180 systemd[1]: Set up automount proc-sys-fs-binfmt_misc.automount - Arbitrary Executable File Formats File System Automount Point.
Aug 16 00:12:39 ip-172-31-1-180 systemd[1]: Expecting device dev-ttyS0.device - /dev/ttyS0...
Aug 16 00:12:39 ip-172-31-1-180 systemd[1]: Reached target aws-eb.target.
Aug 16 00:12:39 ip-172-31-1-180 systemd[1]: Reached target cryptsetup.target - Local Encrypted Volumes.
Aug 16 00:12:39 ip-172-31-1-180 systemd[1]: Stopped target initrd-switch-root.target - Switch Root.
Aug 16 00:12:39 ip-172-31-1-180 systemd[1]: Stopped target initrd-fs.target - Initrd File Systems.
Aug 16 00:12:39 ip-172-31-1-180 systemd[1]: Stopped target initrd-root-fs.target - Initrd Root File System.
Aug 16 00:12:39 ip-172-31-1-180 systemd[1]: Reached target integritysetup.target - Local Integrity Protected Volumes.
Aug 16 00:12:39 ip-172-31-1-180 systemd[1]: Reached target paths.target - Path Units.
Aug 16 00:12:39 ip-172-31-1-180 systemd[1]: Reached target slices.target - Slice Units.
Aug 16 00:12:39 ip-172-31-1-180 systemd[1]: Reached target swap.target - Swaps.
Aug 16 00:12:39 ip-172-31-1-180 systemd[1]: Reached target veritysetup.target - Local Verity Protected Volumes.
Aug 16 00:12:39 ip-172-31-1-180 systemd[1]: Listening on systemd-coredump.socket - Process Core Dump Socket.
Aug 16 00:12:39 ip-172-31-1-180 systemd[1]: Listening on systemd-initctl.socket - initctl Compatibility Named Pipe.
Aug 16 00:12:39 ip-172-31-1-180 systemd[1]: Listening on systemd-networkd.socket - Network Service Netlink Socket.
Aug 16 00:12:39 ip-172-31-1-180 systemd[1]: Listening on systemd-udevd-control.socket - udev Control Socket.
Aug 16 00:12:39 ip-172-31-1-180 systemd[1]: Listening on systemd-udevd-kernel.socket - udev Kernel Socket.
Aug 16 00:12:39 ip-172-31-1-180 systemd[1]: Listening on systemd-userdbd.socket - User Database Manager Socket.
Aug 16 00:12:39 ip-172-31-1-180 systemd[1]: Mounting dev-hugepages.mount - Huge Pages File System...
Aug 16 00:12:39 ip-172-31-1-180 systemd[1]: Mounting dev-mqueue.mount - POSIX Message Queue File System...
Aug 16 00:12:39 ip-172-31-1-180 systemd[1]: Mounting sys-kernel-debug.mount - Kernel Debug File System...
Aug 16 00:12:39 ip-172-31-1-180 systemd[1]: Mounting sys-kernel-tracing.mount - Kernel Trace File System...
Aug 16 00:12:39 ip-172-31-1-180 systemd[1]: Mounting tmp.mount - Temporary Directory /tmp...
Aug 16 00:12:39 ip-172-31-1-180 systemd[1]: auth-rpcgss-module.service - Kernel Module supporting RPCSEC_GSS was skipped because of an unmet condition check (ConditionPathExists=/etc/krb5.keytab).
Aug 16 00:12:39 ip-172-31-1-180 systemd[1]: Starting kmod-static-nodes.service - Create List of Static Device Nodes...
Aug 16 00:12:39 ip-172-31-1-180 systemd[1]: Starting modprobe@configfs.service - Load Kernel Module configfs...
Aug 16 00:12:39 ip-172-31-1-180 systemd[1]: Starting modprobe@dm_mod.service - Load Kernel Module dm_mod...
Aug 16 00:12:39 ip-172-31-1-180 systemd[1]: Starting modprobe@drm.service - Load Kernel Module drm...
Aug 16 00:12:39 ip-172-31-1-180 systemd[1]: Starting modprobe@efi_pstore.service - Load Kernel Module efi_pstore...
Aug 16 00:12:39 ip-172-31-1-180 systemd[1]: Starting modprobe@fuse.service - Load Kernel Module fuse...
Aug 16 00:12:39 ip-172-31-1-180 systemd[1]: Starting modprobe@loop.service - Load Kernel Module loop...
Aug 16 00:12:39 ip-172-31-1-180 systemd[1]: Starting nfs-convert.service - Preprocess NFS configuration convertion...
Aug 16 00:12:39 ip-172-31-1-180 systemd[1]: Starting systemd-fsck-root.service - File System Check on Root Device...
Aug 16 00:12:39 ip-172-31-1-180 systemd[1]: Stopped systemd-journald.service - Journal Service.
Aug 16 00:12:39 ip-172-31-1-180 systemd[1]: Starting systemd-journald.service - Journal Service...
Aug 16 00:12:39 ip-172-31-1-180 systemd[1]: systemd-modules-load.service - Load Kernel Modules was skipped because no trigger condition checks were met.
Aug 16 00:12:39 ip-172-31-1-180 systemd[1]: Starting systemd-network-generator.service - Generate network units from Kernel command line...
Aug 16 00:12:39 ip-172-31-1-180 systemd[1]: Starting systemd-sysctl.service - Apply Kernel Variables...
Aug 16 00:12:39 ip-172-31-1-180 systemd[1]: Starting systemd-udev-trigger.service - Coldplug All udev Devices...
Aug 16 00:12:39 ip-172-31-1-180 systemd[1]: Mounted dev-hugepages.mount - Huge Pages File System.
Aug 16 00:12:39 ip-172-31-1-180 systemd[1]: Mounted dev-mqueue.mount - POSIX Message Queue File System.
Aug 16 00:12:39 ip-172-31-1-180 systemd[1]: Mounted sys-kernel-debug.mount - Kernel Debug File System.
Aug 16 00:12:39 ip-172-31-1-180 systemd[1]: Mounted sys-kernel-tracing.mount - Kernel Trace File System.
Aug 16 00:12:39 ip-172-31-1-180 systemd[1]: Mounted tmp.mount - Temporary Directory /tmp.
Aug 16 00:12:39 ip-172-31-1-180 systemd[1]: Finished kmod-static-nodes.service - Create List of Static Device Nodes.
Aug 16 00:12:39 ip-172-31-1-180 systemd[1]: modprobe@configfs.service: Deactivated successfully.
Aug 16 00:12:39 ip-172-31-1-180 kernel: loop: module loaded
Aug 16 00:12:39 ip-172-31-1-180 systemd-journald[828]: Journal started
Aug 16 00:12:39 ip-172-31-1-180 systemd-journald[828]: Runtime Journal (/run/log/journal/ec295c47548ad8db277aa461fb6ad143) is 2.2M, max 18.0M, 15.8M free.
Aug 16 00:12:39 ip-172-31-1-180 audit: MAC_POLICY_LOAD auid=4294967295 ses=4294967295 lsm=selinux res=1
Aug 16 00:12:39 ip-172-31-1-180 audit: BPF prog-id=8 op=LOAD
Aug 16 00:12:39 ip-172-31-1-180 audit: BPF prog-id=8 op=UNLOAD
Aug 16 00:12:39 ip-172-31-1-180 audit: BPF prog-id=9 op=LOAD
Aug 16 00:12:39 ip-172-31-1-180 audit: BPF prog-id=9 op=UNLOAD
Aug 16 00:12:39 ip-172-31-1-180 audit: BPF prog-id=10 op=LOAD
Aug 16 00:12:39 ip-172-31-1-180 audit: BPF prog-id=10 op=UNLOAD
Aug 16 00:12:39 ip-172-31-1-180 audit: BPF prog-id=11 op=LOAD
Aug 16 00:12:39 ip-172-31-1-180 audit: BPF prog-id=11 op=UNLOAD
Aug 16 00:12:39 ip-172-31-1-180 audit: BPF prog-id=12 op=LOAD
Aug 16 00:12:39 ip-172-31-1-180 audit: BPF prog-id=12 op=UNLOAD
Aug 16 00:12:39 ip-172-31-1-180 audit: BPF prog-id=13 op=LOAD
Aug 16 00:12:39 ip-172-31-1-180 audit: BPF prog-id=13 op=UNLOAD
Aug 16 00:12:39 ip-172-31-1-180 audit: BPF prog-id=14 op=LOAD
Aug 16 00:12:39 ip-172-31-1-180 audit: BPF prog-id=15 op=LOAD
Aug 16 00:12:39 ip-172-31-1-180 audit: BPF prog-id=14 op=UNLOAD
Aug 16 00:12:39 ip-172-31-1-180 audit: BPF prog-id=15 op=UNLOAD
Aug 16 00:12:39 ip-172-31-1-180 audit: BPF prog-id=16 op=LOAD
Aug 16 00:12:39 ip-172-31-1-180 audit: BPF prog-id=16 op=UNLOAD
Aug 16 00:12:39 ip-172-31-1-180 audit: BPF prog-id=17 op=LOAD
Aug 16 00:12:39 ip-172-31-1-180 audit: BPF prog-id=17 op=UNLOAD
Aug 16 00:12:39 ip-172-31-1-180 audit: BPF prog-id=18 op=LOAD
Aug 16 00:12:39 ip-172-31-1-180 audit: BPF prog-id=18 op=UNLOAD
Aug 16 00:12:39 ip-172-31-1-180 audit: BPF prog-id=19 op=LOAD
Aug 16 00:12:39 ip-172-31-1-180 audit: BPF prog-id=19 op=UNLOAD
Aug 16 00:12:39 ip-172-31-1-180 audit: BPF prog-id=20 op=LOAD
Aug 16 00:12:39 ip-172-31-1-180 audit: BPF prog-id=21 op=LOAD
Aug 16 00:12:39 ip-172-31-1-180 audit: BPF prog-id=21 op=UNLOAD
Aug 16 00:12:39 ip-172-31-1-180 audit: BPF prog-id=22 op=LOAD
Aug 16 00:12:39 ip-172-31-1-180 audit: BPF prog-id=20 op=UNLOAD
Aug 16 00:12:39 ip-172-31-1-180 audit: BPF prog-id=22 op=UNLOAD
Aug 16 00:12:39 ip-172-31-1-180 audit: BPF prog-id=23 op=LOAD
Aug 16 00:12:39 ip-172-31-1-180 audit: BPF prog-id=23 op=UNLOAD
Aug 16 00:12:39 ip-172-31-1-180 audit: BPF prog-id=24 op=LOAD
Aug 16 00:12:39 ip-172-31-1-180 audit: BPF prog-id=24 op=UNLOAD
Aug 16 00:12:39 ip-172-31-1-180 audit: BPF prog-id=25 op=LOAD
Aug 16 00:12:39 ip-172-31-1-180 audit: BPF prog-id=25 op=UNLOAD
Aug 16 00:12:39 ip-172-31-1-180 audit: BPF prog-id=26 op=LOAD
Aug 16 00:12:39 ip-172-31-1-180 audit: BPF prog-id=26 op=UNLOAD
Aug 16 00:12:39 ip-172-31-1-180 audit: BPF prog-id=27 op=LOAD
Aug 16 00:12:39 ip-172-31-1-180 audit: BPF prog-id=28 op=LOAD
Aug 16 00:12:39 ip-172-31-1-180 audit: BPF prog-id=3 op=UNLOAD
Aug 16 00:12:39 ip-172-31-1-180 audit: BPF prog-id=29 op=LOAD
Aug 16 00:12:39 ip-172-31-1-180 audit: BPF prog-id=30 op=LOAD
Aug 16 00:12:39 ip-172-31-1-180 audit: BPF prog-id=4 op=UNLOAD
Aug 16 00:12:39 ip-172-31-1-180 audit: BPF prog-id=5 op=UNLOAD
Aug 16 00:12:39 ip-172-31-1-180 audit: BPF prog-id=31 op=LOAD
Aug 16 00:12:39 ip-172-31-1-180 audit: BPF prog-id=28 op=UNLOAD
Aug 16 00:12:39 ip-172-31-1-180 audit: BPF prog-id=32 op=LOAD
Aug 16 00:12:39 ip-172-31-1-180 audit: BPF prog-id=33 op=LOAD
Aug 16 00:12:39 ip-172-31-1-180 audit: BPF prog-id=29 op=UNLOAD
Aug 16 00:12:39 ip-172-31-1-180 audit: BPF prog-id=30 op=UNLOAD
Aug 16 00:12:39 ip-172-31-1-180 audit[1]: SERVICE_STOP pid=1 uid=0 auid=4294967295 ses=4294967295 subj=system_u:system_r:init_t:s0 msg='unit=systemd-journald comm="systemd" exe="/usr/lib/systemd/systemd" hostname=? addr=? terminal=? res=success'
Aug 16 00:12:39 ip-172-31-1-180 audit: BPF prog-id=31 op=UNLOAD
Aug 16 00:12:39 ip-172-31-1-180 audit[1]: SERVICE_START pid=1 uid=0 auid=4294967295 ses=4294967295 subj=system_u:system_r:init_t:s0 msg='unit=initrd-switch-root comm="systemd" exe="/usr/lib/systemd/systemd" hostname=? addr=? terminal=? res=success'
Aug 16 00:12:39 ip-172-31-1-180 audit[1]: SERVICE_STOP pid=1 uid=0 auid=4294967295 ses=4294967295 subj=system_u:system_r:init_t:s0 msg='unit=initrd-switch-root comm="systemd" exe="/usr/lib/systemd/systemd" hostname=? addr=? terminal=? res=success'
Aug 16 00:12:39 ip-172-31-1-180 audit[1]: SERVICE_START pid=1 uid=0 auid=4294967295 ses=4294967295 subj=system_u:system_r:init_t:s0 msg='unit=systemd-journald comm="systemd" exe="/usr/lib/systemd/systemd" hostname=? addr=? terminal=? res=success'
Aug 16 00:12:39 ip-172-31-1-180 audit[1]: SERVICE_STOP pid=1 uid=0 auid=4294967295 ses=4294967295 subj=system_u:system_r:init_t:s0 msg='unit=systemd-journald comm="systemd" exe="/usr/lib/systemd/systemd" hostname=? addr=? terminal=? res=success'
Aug 16 00:12:39 ip-172-31-1-180 audit: BPF prog-id=34 op=LOAD
Aug 16 00:12:39 ip-172-31-1-180 audit: BPF prog-id=35 op=LOAD
Aug 16 00:12:39 ip-172-31-1-180 audit: BPF prog-id=36 op=LOAD
Aug 16 00:12:39 ip-172-31-1-180 audit: BPF prog-id=33 op=UNLOAD
Aug 16 00:12:39 ip-172-31-1-180 audit: BPF prog-id=32 op=UNLOAD
Aug 16 00:12:39 ip-172-31-1-180 audit[1]: SERVICE_START pid=1 uid=0 auid=4294967295 ses=4294967295 subj=system_u:system_r:init_t:s0 msg='unit=kmod-static-nodes comm="systemd" exe="/usr/lib/systemd/systemd" hostname=? addr=? terminal=? res=success'
Aug 16 00:12:39 ip-172-31-1-180 audit: CONFIG_CHANGE op=set audit_enabled=1 old=1 auid=4294967295 ses=4294967295 subj=system_u:system_r:syslogd_t:s0 res=1
Aug 16 00:12:39 ip-172-31-1-180 audit[828]: SYSCALL arch=c000003e syscall=46 success=yes exit=60 a0=5 a1=7ffca25febb0 a2=4000 a3=7ffca25fec3c items=0 ppid=1 pid=828 auid=4294967295 uid=0 gid=0 euid=0 suid=0 fsuid=0 egid=0 sgid=0 fsgid=0 tty=(none) ses=4294967295 comm="systemd-journal" exe="/usr/lib/systemd/systemd-journald" subj=system_u:system_r:syslogd_t:s0 key=(null)
Aug 16 00:12:39 ip-172-31-1-180 audit: PROCTITLE proctitle="/usr/lib/systemd/systemd-journald"
Aug 16 00:12:39 ip-172-31-1-180 systemd[1]: Queued start job for default target graphical.target.
Aug 16 00:12:39 ip-172-31-1-180 systemd[1]: systemd-journald.service: Deactivated successfully.
Aug 16 00:12:39 ip-172-31-1-180 kernel: fuse: init (API version 7.38)
Aug 16 00:12:39 ip-172-31-1-180 kernel: device-mapper: core: CONFIG_IMA_DISABLE_HTABLE is disabled. Duplicate IMA measurements will not be recorded in the IMA log.
Aug 16 00:12:39 ip-172-31-1-180 kernel: device-mapper: uevent: version 1.0.3
Aug 16 00:12:39 ip-172-31-1-180 kernel: device-mapper: ioctl: 4.47.0-ioctl (2022-07-28) initialised: dm-devel@redhat.com
Aug 16 00:12:39 ip-172-31-1-180 systemd[1]: Finished modprobe@configfs.service - Load Kernel Module configfs.
Aug 16 00:12:39 ip-172-31-1-180 systemd[1]: Started systemd-journald.service - Journal Service.
Aug 16 00:12:39 ip-172-31-1-180 audit[1]: SERVICE_START pid=1 uid=0 auid=4294967295 ses=4294967295 subj=system_u:system_r:init_t:s0 msg='unit=modprobe@configfs comm="systemd" exe="/usr/lib/systemd/systemd" hostname=? addr=? terminal=? res=success'
Aug 16 00:12:39 ip-172-31-1-180 audit[1]: SERVICE_STOP pid=1 uid=0 auid=4294967295 ses=4294967295 subj=system_u:system_r:init_t:s0 msg='unit=modprobe@configfs comm="systemd" exe="/usr/lib/systemd/systemd" hostname=? addr=? terminal=? res=success'
Aug 16 00:12:39 ip-172-31-1-180 audit[1]: SERVICE_START pid=1 uid=0 auid=4294967295 ses=4294967295 subj=system_u:system_r:init_t:s0 msg='unit=systemd-journald comm="systemd" exe="/usr/lib/systemd/systemd" hostname=? addr=? terminal=? res=success'
Aug 16 00:12:39 ip-172-31-1-180 systemd[1]: modprobe@dm_mod.service: Deactivated successfully.
Aug 16 00:12:39 ip-172-31-1-180 systemd-fsck[857]: /usr/sbin/fsck.xfs: XFS file system.
Aug 16 00:12:39 ip-172-31-1-180 audit[1]: SERVICE_START pid=1 uid=0 auid=4294967295 ses=4294967295 subj=system_u:system_r:init_t:s0 msg='unit=modprobe@dm_mod comm="systemd" exe="/usr/lib/systemd/systemd" hostname=? addr=? terminal=? res=success'
Aug 16 00:12:39 ip-172-31-1-180 audit[1]: SERVICE_STOP pid=1 uid=0 auid=4294967295 ses=4294967295 subj=system_u:system_r:init_t:s0 msg='unit=modprobe@dm_mod comm="systemd" exe="/usr/lib/systemd/systemd" hostname=? addr=? terminal=? res=success'
Aug 16 00:12:39 ip-172-31-1-180 systemd[1]: Finished modprobe@dm_mod.service - Load Kernel Module dm_mod.
Aug 16 00:12:39 ip-172-31-1-180 systemd[1]: modprobe@drm.service: Deactivated successfully.
Aug 16 00:12:39 ip-172-31-1-180 audit[1]: SERVICE_START pid=1 uid=0 auid=4294967295 ses=4294967295 subj=system_u:system_r:init_t:s0 msg='unit=modprobe@drm comm="systemd" exe="/usr/lib/systemd/systemd" hostname=? addr=? terminal=? res=success'
Aug 16 00:12:39 ip-172-31-1-180 audit[1]: SERVICE_STOP pid=1 uid=0 auid=4294967295 ses=4294967295 subj=system_u:system_r:init_t:s0 msg='unit=modprobe@drm comm="systemd" exe="/usr/lib/systemd/systemd" hostname=? addr=? terminal=? res=success'
Aug 16 00:12:39 ip-172-31-1-180 systemd[1]: Finished modprobe@drm.service - Load Kernel Module drm.
Aug 16 00:12:39 ip-172-31-1-180 systemd[1]: modprobe@efi_pstore.service: Deactivated successfully.
Aug 16 00:12:40 ip-172-31-1-180 systemd[1]: Finished modprobe@efi_pstore.service - Load Kernel Module efi_pstore.
Aug 16 00:12:40 ip-172-31-1-180 audit[1]: SERVICE_START pid=1 uid=0 auid=4294967295 ses=4294967295 subj=system_u:system_r:init_t:s0 msg='unit=modprobe@efi_pstore comm="systemd" exe="/usr/lib/systemd/systemd" hostname=? addr=? terminal=? res=success'
Aug 16 00:12:40 ip-172-31-1-180 audit[1]: SERVICE_STOP pid=1 uid=0 auid=4294967295 ses=4294967295 subj=system_u:system_r:init_t:s0 msg='unit=modprobe@efi_pstore comm="systemd" exe="/usr/lib/systemd/systemd" hostname=? addr=? terminal=? res=success'
Aug 16 00:12:40 ip-172-31-1-180 systemd[1]: modprobe@fuse.service: Deactivated successfully.
Aug 16 00:12:40 ip-172-31-1-180 systemd[1]: Finished modprobe@fuse.service - Load Kernel Module fuse.
Aug 16 00:12:40 ip-172-31-1-180 audit[1]: SERVICE_START pid=1 uid=0 auid=4294967295 ses=4294967295 subj=system_u:system_r:init_t:s0 msg='unit=modprobe@fuse comm="systemd" exe="/usr/lib/systemd/systemd" hostname=? addr=? terminal=? res=success'
Aug 16 00:12:40 ip-172-31-1-180 audit[1]: SERVICE_STOP pid=1 uid=0 auid=4294967295 ses=4294967295 subj=system_u:system_r:init_t:s0 msg='unit=modprobe@fuse comm="systemd" exe="/usr/lib/systemd/systemd" hostname=? addr=? terminal=? res=success'
Aug 16 00:12:40 ip-172-31-1-180 systemd[1]: modprobe@loop.service: Deactivated successfully.
Aug 16 00:12:40 ip-172-31-1-180 systemd[1]: Finished modprobe@loop.service - Load Kernel Module loop.
Aug 16 00:12:40 ip-172-31-1-180 audit[1]: SERVICE_START pid=1 uid=0 auid=4294967295 ses=4294967295 subj=system_u:system_r:init_t:s0 msg='unit=modprobe@loop comm="systemd" exe="/usr/lib/systemd/systemd" hostname=? addr=? terminal=? res=success'
Aug 16 00:12:40 ip-172-31-1-180 audit[1]: SERVICE_STOP pid=1 uid=0 auid=4294967295 ses=4294967295 subj=system_u:system_r:init_t:s0 msg='unit=modprobe@loop comm="systemd" exe="/usr/lib/systemd/systemd" hostname=? addr=? terminal=? res=success'
Aug 16 00:12:40 ip-172-31-1-180 systemd[1]: nfs-convert.service: Deactivated successfully.
Aug 16 00:12:40 ip-172-31-1-180 systemd[1]: Finished nfs-convert.service - Preprocess NFS configuration convertion.
Aug 16 00:12:40 ip-172-31-1-180 audit[1]: SERVICE_START pid=1 uid=0 auid=4294967295 ses=4294967295 subj=system_u:system_r:init_t:s0 msg='unit=nfs-convert comm="systemd" exe="/usr/lib/systemd/systemd" hostname=? addr=? terminal=? res=success'
Aug 16 00:12:40 ip-172-31-1-180 audit[1]: SERVICE_STOP pid=1 uid=0 auid=4294967295 ses=4294967295 subj=system_u:system_r:init_t:s0 msg='unit=nfs-convert comm="systemd" exe="/usr/lib/systemd/systemd" hostname=? addr=? terminal=? res=success'
Aug 16 00:12:40 ip-172-31-1-180 systemd[1]: Finished systemd-fsck-root.service - File System Check on Root Device.
Aug 16 00:12:40 ip-172-31-1-180 audit[1]: SERVICE_START pid=1 uid=0 auid=4294967295 ses=4294967295 subj=system_u:system_r:init_t:s0 msg='unit=systemd-fsck-root comm="systemd" exe="/usr/lib/systemd/systemd" hostname=? addr=? terminal=? res=success'
Aug 16 00:12:40 ip-172-31-1-180 systemd[1]: Finished systemd-network-generator.service - Generate network units from Kernel command line.
Aug 16 00:12:40 ip-172-31-1-180 audit[1]: SERVICE_START pid=1 uid=0 auid=4294967295 ses=4294967295 subj=system_u:system_r:init_t:s0 msg='unit=systemd-network-generator comm="systemd" exe="/usr/lib/systemd/systemd" hostname=? addr=? terminal=? res=success'
Aug 16 00:12:40 ip-172-31-1-180 systemd[1]: Finished systemd-sysctl.service - Apply Kernel Variables.
Aug 16 00:12:40 ip-172-31-1-180 audit[1]: SERVICE_START pid=1 uid=0 auid=4294967295 ses=4294967295 subj=system_u:system_r:init_t:s0 msg='unit=systemd-sysctl comm="systemd" exe="/usr/lib/systemd/systemd" hostname=? addr=? terminal=? res=success'
Aug 16 00:12:40 ip-172-31-1-180 systemd[1]: Finished systemd-udev-trigger.service - Coldplug All udev Devices.
Aug 16 00:12:40 ip-172-31-1-180 audit[1]: SERVICE_START pid=1 uid=0 auid=4294967295 ses=4294967295 subj=system_u:system_r:init_t:s0 msg='unit=systemd-udev-trigger comm="systemd" exe="/usr/lib/systemd/systemd" hostname=? addr=? terminal=? res=success'
Aug 16 00:12:40 ip-172-31-1-180 systemd[1]: Mounting sys-fs-fuse-connections.mount - FUSE Control File System...
Aug 16 00:12:40 ip-172-31-1-180 systemd[1]: Mounting sys-kernel-config.mount - Kernel Configuration File System...
Aug 16 00:12:40 ip-172-31-1-180 systemd[1]: Starting systemd-remount-fs.service - Remount Root and Kernel File Systems...
Aug 16 00:12:40 ip-172-31-1-180 systemd[1]: systemd-repart.service - Repartition Root Disk was skipped because no trigger condition checks were met.
Aug 16 00:12:40 ip-172-31-1-180 systemd[1]: Mounted sys-fs-fuse-connections.mount - FUSE Control File System.
Aug 16 00:12:40 ip-172-31-1-180 systemd[1]: Mounted sys-kernel-config.mount - Kernel Configuration File System.
Aug 16 00:12:40 ip-172-31-1-180 systemd[1]: Finished systemd-remount-fs.service - Remount Root and Kernel File Systems.
Aug 16 00:12:40 ip-172-31-1-180 audit[1]: SERVICE_START pid=1 uid=0 auid=4294967295 ses=4294967295 subj=system_u:system_r:init_t:s0 msg='unit=systemd-remount-fs comm="systemd" exe="/usr/lib/systemd/systemd" hostname=? addr=? terminal=? res=success'
Aug 16 00:12:40 ip-172-31-1-180 systemd[1]: systemd-firstboot.service - First Boot Wizard was skipped because of an unmet condition check (ConditionFirstBoot=yes).
Aug 16 00:12:40 ip-172-31-1-180 systemd[1]: systemd-hwdb-update.service - Rebuild Hardware Database was skipped because of an unmet condition check (ConditionNeedsUpdate=/etc).
Aug 16 00:12:40 ip-172-31-1-180 systemd[1]: Starting systemd-journal-flush.service - Flush Journal to Persistent Storage...
Aug 16 00:12:40 ip-172-31-1-180 systemd[1]: systemd-pstore.service - Platform Persistent Storage Archival was skipped because of an unmet condition check (ConditionDirectoryNotEmpty=/sys/fs/pstore).
Aug 16 00:12:40 ip-172-31-1-180 systemd[1]: Starting systemd-random-seed.service - Load/Save Random Seed...
Aug 16 00:12:40 ip-172-31-1-180 systemd[1]: systemd-sysusers.service - Create System Users was skipped because no trigger condition checks were met.
Aug 16 00:12:40 ip-172-31-1-180 kernel: kauditd_printk_skb: 105 callbacks suppressed
Aug 16 00:12:40 ip-172-31-1-180 kernel: audit: type=1130 audit(1755303160.440:114): pid=1 uid=0 auid=4294967295 ses=4294967295 subj=system_u:system_r:init_t:s0 msg='unit=systemd-remount-fs comm="systemd" exe="/usr/lib/systemd/systemd" hostname=? addr=? terminal=? res=success'
Aug 16 00:12:40 ip-172-31-1-180 systemd[1]: Starting systemd-tmpfiles-setup-dev.service - Create Static Device Nodes in /dev...
Aug 16 00:12:40 ip-172-31-1-180 systemd-journald[828]: Runtime Journal (/run/log/journal/ec295c47548ad8db277aa461fb6ad143) is 2.2M, max 18.0M, 15.8M free.
Aug 16 00:12:40 ip-172-31-1-180 systemd-journald[828]: Received client request to flush runtime journal.
Aug 16 00:12:40 ip-172-31-1-180 systemd[1]: Finished systemd-random-seed.service - Load/Save Random Seed.
Aug 16 00:12:40 ip-172-31-1-180 audit[1]: SERVICE_START pid=1 uid=0 auid=4294967295 ses=4294967295 subj=system_u:system_r:init_t:s0 msg='unit=systemd-random-seed comm="systemd" exe="/usr/lib/systemd/systemd" hostname=? addr=? terminal=? res=success'
Aug 16 00:12:40 ip-172-31-1-180 kernel: audit: type=1130 audit(1755303160.490:115): pid=1 uid=0 auid=4294967295 ses=4294967295 subj=system_u:system_r:init_t:s0 msg='unit=systemd-random-seed comm="systemd" exe="/usr/lib/systemd/systemd" hostname=? addr=? terminal=? res=success'
Aug 16 00:12:40 ip-172-31-1-180 systemd[1]: Finished systemd-journal-flush.service - Flush Journal to Persistent Storage.
Aug 16 00:12:40 ip-172-31-1-180 audit[1]: SERVICE_START pid=1 uid=0 auid=4294967295 ses=4294967295 subj=system_u:system_r:init_t:s0 msg='unit=systemd-journal-flush comm="systemd" exe="/usr/lib/systemd/systemd" hostname=? addr=? terminal=? res=success'
Aug 16 00:12:40 ip-172-31-1-180 systemd[1]: first-boot-complete.target - First Boot Complete was skipped because of an unmet condition check (ConditionFirstBoot=yes).
Aug 16 00:12:40 ip-172-31-1-180 kernel: audit: type=1130 audit(1755303160.520:116): pid=1 uid=0 auid=4294967295 ses=4294967295 subj=system_u:system_r:init_t:s0 msg='unit=systemd-journal-flush comm="systemd" exe="/usr/lib/systemd/systemd" hostname=? addr=? terminal=? res=success'
Aug 16 00:12:40 ip-172-31-1-180 systemd[1]: Finished systemd-tmpfiles-setup-dev.service - Create Static Device Nodes in /dev.
Aug 16 00:12:40 ip-172-31-1-180 audit[1]: SERVICE_START pid=1 uid=0 auid=4294967295 ses=4294967295 subj=system_u:system_r:init_t:s0 msg='unit=systemd-tmpfiles-setup-dev comm="systemd" exe="/usr/lib/systemd/systemd" hostname=? addr=? terminal=? res=success'
Aug 16 00:12:40 ip-172-31-1-180 systemd[1]: Reached target local-fs-pre.target - Preparation for Local File Systems.
Aug 16 00:12:40 ip-172-31-1-180 systemd[1]: Set up automount boot-efi.automount.
Aug 16 00:12:40 ip-172-31-1-180 systemd[1]: Reached target local-fs.target - Local File Systems.
Aug 16 00:12:40 ip-172-31-1-180 systemd[1]: import-state.service - Import network configuration from initramfs was skipped because of an unmet condition check (ConditionDirectoryNotEmpty=/run/initramfs/state).
Aug 16 00:12:40 ip-172-31-1-180 systemd[1]: ldconfig.service - Rebuild Dynamic Linker Cache was skipped because no trigger condition checks were met.
Aug 16 00:12:40 ip-172-31-1-180 systemd[1]: selinux-autorelabel-mark.service - Mark the need to relabel after reboot was skipped because of an unmet condition check (ConditionSecurity=!selinux).
Aug 16 00:12:40 ip-172-31-1-180 systemd[1]: systemd-binfmt.service - Set Up Additional Binary Formats was skipped because no trigger condition checks were met.
Aug 16 00:12:40 ip-172-31-1-180 systemd[1]: systemd-boot-system-token.service - Store a System Token in an EFI Variable was skipped because of an unmet condition check (ConditionPathExists=/sys/firmware/efi/efivars/LoaderFeatures-4a67b082-0a4c-41cf-b6c7-440b29bb8c4f).
Aug 16 00:12:40 ip-172-31-1-180 kernel: audit: type=1130 audit(1755303160.610:117): pid=1 uid=0 auid=4294967295 ses=4294967295 subj=system_u:system_r:init_t:s0 msg='unit=systemd-tmpfiles-setup-dev comm="systemd" exe="/usr/lib/systemd/systemd" hostname=? addr=? terminal=? res=success'
Aug 16 00:12:40 ip-172-31-1-180 systemd[1]: Starting systemd-boot-update.service - Automatic Boot Loader Update...
Aug 16 00:12:40 ip-172-31-1-180 systemd[1]: systemd-machine-id-commit.service - Commit a transient machine-id on disk was skipped because of an unmet condition check (ConditionPathIsMountPoint=/etc/machine-id).
Aug 16 00:12:40 ip-172-31-1-180 kernel: audit: type=1334 audit(1755303160.630:118): prog-id=37 op=LOAD
Aug 16 00:12:40 ip-172-31-1-180 kernel: audit: type=1334 audit(1755303160.630:119): prog-id=38 op=LOAD
Aug 16 00:12:40 ip-172-31-1-180 kernel: audit: type=1334 audit(1755303160.630:120): prog-id=6 op=UNLOAD
Aug 16 00:12:40 ip-172-31-1-180 kernel: audit: type=1334 audit(1755303160.630:121): prog-id=7 op=UNLOAD
Aug 16 00:12:40 ip-172-31-1-180 audit: BPF prog-id=37 op=LOAD
Aug 16 00:12:40 ip-172-31-1-180 audit: BPF prog-id=38 op=LOAD
Aug 16 00:12:40 ip-172-31-1-180 audit: BPF prog-id=6 op=UNLOAD
Aug 16 00:12:40 ip-172-31-1-180 audit: BPF prog-id=7 op=UNLOAD
Aug 16 00:12:40 ip-172-31-1-180 systemd[1]: Starting systemd-tmpfiles-setup.service - Create Volatile Files and Directories...
Aug 16 00:12:40 ip-172-31-1-180 systemd[1]: Starting systemd-udevd.service - Rule-based Manager for Device Events and Files...
Aug 16 00:12:40 ip-172-31-1-180 systemd[1]: boot-efi.automount: Got automount request for /boot/efi, triggered by 1234 (bootctl)
Aug 16 00:12:40 ip-172-31-1-180 systemd[1]: Created slice system-systemd\x2dfsck.slice - Slice /system/systemd-fsck.
Aug 16 00:12:40 ip-172-31-1-180 systemd[1]: Expecting device dev-disk-by\x2duuid-0586\x2d9A23.device - /dev/disk/by-uuid/0586-9A23...
Aug 16 00:12:40 ip-172-31-1-180 systemd-udevd[1236]: Using default interface naming scheme 'v252'.
Aug 16 00:12:40 ip-172-31-1-180 systemd[1]: Started systemd-udevd.service - Rule-based Manager for Device Events and Files.
Aug 16 00:12:40 ip-172-31-1-180 audit[1]: SERVICE_START pid=1 uid=0 auid=4294967295 ses=4294967295 subj=system_u:system_r:init_t:s0 msg='unit=systemd-udevd comm="systemd" exe="/usr/lib/systemd/systemd" hostname=? addr=? terminal=? res=success'
Aug 16 00:12:40 ip-172-31-1-180 kernel: audit: type=1130 audit(1755303160.740:122): pid=1 uid=0 auid=4294967295 ses=4294967295 subj=system_u:system_r:init_t:s0 msg='unit=systemd-udevd comm="systemd" exe="/usr/lib/systemd/systemd" hostname=? addr=? terminal=? res=success'
Aug 16 00:12:40 ip-172-31-1-180 systemd[1]: Finished systemd-tmpfiles-setup.service - Create Volatile Files and Directories.
Aug 16 00:12:40 ip-172-31-1-180 audit[1]: SERVICE_START pid=1 uid=0 auid=4294967295 ses=4294967295 subj=system_u:system_r:init_t:s0 msg='unit=systemd-tmpfiles-setup comm="systemd" exe="/usr/lib/systemd/systemd" hostname=? addr=? terminal=? res=success'
Aug 16 00:12:40 ip-172-31-1-180 kernel: audit: type=1130 audit(1755303160.810:123): pid=1 uid=0 auid=4294967295 ses=4294967295 subj=system_u:system_r:init_t:s0 msg='unit=systemd-tmpfiles-setup comm="systemd" exe="/usr/lib/systemd/systemd" hostname=? addr=? terminal=? res=success'
Aug 16 00:12:40 ip-172-31-1-180 audit: BPF prog-id=39 op=LOAD
Aug 16 00:12:40 ip-172-31-1-180 systemd[1]: Starting auditd.service - Security Auditing Service...
Aug 16 00:12:40 ip-172-31-1-180 systemd[1]: systemd-journal-catalog-update.service - Rebuild Journal Catalog was skipped because of an unmet condition check (ConditionNeedsUpdate=/var).
Aug 16 00:12:40 ip-172-31-1-180 systemd[1]: Starting systemd-resolved.service - Network Name Resolution...
Aug 16 00:12:40 ip-172-31-1-180 systemd[1]: Condition check resulted in dev-ttyS0.device - /dev/ttyS0 being skipped.
Aug 16 00:12:40 ip-172-31-1-180 systemd[1]: Mounting var-lib-nfs-rpc_pipefs.mount - RPC Pipe File System...
Aug 16 00:12:40 ip-172-31-1-180 kernel: input: Power Button as /devices/LNXSYSTM:00/LNXPWRBN:00/input/input0
Aug 16 00:12:40 ip-172-31-1-180 kernel: ACPI: button: Power Button [PWRF]
Aug 16 00:12:40 ip-172-31-1-180 kernel: input: Sleep Button as /devices/LNXSYSTM:00/LNXSLPBN:00/input/input1
Aug 16 00:12:40 ip-172-31-1-180 kernel: ACPI: button: Sleep Button [SLPF]
Aug 16 00:12:40 ip-172-31-1-180 kernel: RPC: Registered named UNIX socket transport module.
Aug 16 00:12:40 ip-172-31-1-180 kernel: RPC: Registered udp transport module.
Aug 16 00:12:40 ip-172-31-1-180 kernel: RPC: Registered tcp transport module.
Aug 16 00:12:40 ip-172-31-1-180 kernel: RPC: Registered tcp NFSv4.1 backchannel transport module.
Aug 16 00:12:40 ip-172-31-1-180 systemd-resolved[1257]: Positive Trust Anchors:
Aug 16 00:12:40 ip-172-31-1-180 systemd-resolved[1257]: . IN DS 20326 8 2 e06d44b80b8f1d39a95c0b0d7c65d08458e880409bbc683457104237c7f8ec8d
Aug 16 00:12:40 ip-172-31-1-180 systemd-resolved[1257]: Negative trust anchors: home.arpa 10.in-addr.arpa 16.172.in-addr.arpa 17.172.in-addr.arpa 18.172.in-addr.arpa 19.172.in-addr.arpa 20.172.in-addr.arpa 21.172.in-addr.arpa 22.172.in-addr.arpa 23.172.in-addr.arpa 24.172.in-addr.arpa 25.172.in-addr.arpa 26.172.in-addr.arpa 27.172.in-addr.arpa 28.172.in-addr.arpa 29.172.in-addr.arpa 30.172.in-addr.arpa 31.172.in-addr.arpa 168.192.in-addr.arpa d.f.ip6.arpa corp home internal intranet lan local private test
Aug 16 00:12:40 ip-172-31-1-180 systemd[1]: Mounted var-lib-nfs-rpc_pipefs.mount - RPC Pipe File System.
Aug 16 00:12:40 ip-172-31-1-180 systemd[1]: Reached target rpc_pipefs.target.
Aug 16 00:12:41 ip-172-31-1-180 audit[1283]: AVC avc:  denied  { setattr } for  pid=1283 comm="auditd" name="audit" dev="nvme0n1p1" ino=2230723 scontext=system_u:system_r:auditd_t:s0 tcontext=system_u:object_r:var_log_t:s0 tclass=dir permissive=1
Aug 16 00:12:41 ip-172-31-1-180 audit[1283]: SYSCALL arch=c000003e syscall=90 success=yes exit=0 a0=56318553a990 a1=1c0 a2=56318553a99e a3=1a4 items=0 ppid=1256 pid=1283 auid=4294967295 uid=0 gid=0 euid=0 suid=0 fsuid=0 egid=0 sgid=0 fsgid=0 tty=(none) ses=4294967295 comm="auditd" exe="/usr/sbin/auditd" subj=system_u:system_r:auditd_t:s0 key=(null)
Aug 16 00:12:41 ip-172-31-1-180 audit: PROCTITLE proctitle="/sbin/auditd"
Aug 16 00:12:41 ip-172-31-1-180 audit[1283]: AVC avc:  denied  { create } for  pid=1283 comm="auditd" name="audit.log" scontext=system_u:system_r:auditd_t:s0 tcontext=system_u:object_r:var_log_t:s0 tclass=file permissive=1
Aug 16 00:12:41 ip-172-31-1-180 audit[1283]: AVC avc:  denied  { read open } for  pid=1283 comm="auditd" path="/var/log/audit/audit.log" dev="nvme0n1p1" ino=2230741 scontext=system_u:system_r:auditd_t:s0 tcontext=system_u:object_r:var_log_t:s0 tclass=file permissive=1
Aug 16 00:12:41 ip-172-31-1-180 kernel: ena 0000:00:05.0: Elastic Network Adapter (ENA) v2.14.1g
Aug 16 00:12:41 ip-172-31-1-180 kernel: i8042: PNP: PS/2 Controller [PNP0303:KBD,PNP0f13:MOU] at 0x60,0x64 irq 1,12
Aug 16 00:12:41 ip-172-31-1-180 kernel: i8042: Warning: Keylock active
Aug 16 00:12:41 ip-172-31-1-180 kernel: serio: i8042 KBD port at 0x60,0x64 irq 1
Aug 16 00:12:41 ip-172-31-1-180 kernel: serio: i8042 AUX port at 0x60,0x64 irq 12
Aug 16 00:12:41 ip-172-31-1-180 kernel: ena 0000:00:05.0: ENA device version: 0.10
Aug 16 00:12:41 ip-172-31-1-180 kernel: ena 0000:00:05.0: ENA controller version: 0.0.1 implementation version 1
Aug 16 00:12:41 ip-172-31-1-180 kernel: ena 0000:00:05.0: LLQ is not supported Fallback to host mode policy.
Aug 16 00:12:41 ip-172-31-1-180 kernel: ena 0000:00:05.0: Elastic Network Adapter (ENA) found at mem 80400000, mac addr 12:35:0c:21:4c:71
Aug 16 00:12:41 ip-172-31-1-180 audit[1283]: SYSCALL arch=c000003e syscall=257 success=yes exit=5 a0=ffffff9c a1=56318553a900 a2=4c0 a3=1a0 items=4 ppid=1256 pid=1283 auid=4294967295 uid=0 gid=0 euid=0 suid=0 fsuid=0 egid=0 sgid=0 fsgid=0 tty=(none) ses=4294967295 comm="auditd" exe="/usr/sbin/auditd" subj=system_u:system_r:auditd_t:s0 key=(null)
Aug 16 00:12:41 ip-172-31-1-180 audit: CWD cwd="/"
Aug 16 00:12:41 ip-172-31-1-180 audit: PATH item=0 name=(null) inode=2230723 dev=103:01 mode=040700 ouid=0 ogid=0 rdev=00:00 obj=system_u:object_r:var_log_t:s0 nametype=PARENT cap_fp=0 cap_fi=0 cap_fe=0 cap_fver=0 cap_frootid=0
Aug 16 00:12:41 ip-172-31-1-180 audit: PATH item=1 name=(null) nametype=CREATE cap_fp=0 cap_fi=0 cap_fe=0 cap_fver=0 cap_frootid=0
Aug 16 00:12:41 ip-172-31-1-180 audit: PATH item=2 name=(null) inode=2230723 dev=103:01 mode=040700 ouid=0 ogid=0 rdev=00:00 obj=system_u:object_r:var_log_t:s0 nametype=PARENT cap_fp=0 cap_fi=0 cap_fe=0 cap_fver=0 cap_frootid=0
Aug 16 00:12:41 ip-172-31-1-180 audit: PATH item=3 name=(null) inode=2230741 dev=103:01 mode=0100640 ouid=0 ogid=0 rdev=00:00 obj=system_u:object_r:var_log_t:s0 nametype=CREATE cap_fp=0 cap_fi=0 cap_fe=0 cap_fver=0 cap_frootid=0
Aug 16 00:12:41 ip-172-31-1-180 audit: PROCTITLE proctitle="/sbin/auditd"
Aug 16 00:12:41 ip-172-31-1-180 audit[1283]: AVC avc:  denied  { setattr } for  pid=1283 comm="auditd" name="audit.log" dev="nvme0n1p1" ino=2230741 scontext=system_u:system_r:auditd_t:s0 tcontext=system_u:object_r:var_log_t:s0 tclass=file permissive=1
Aug 16 00:12:41 ip-172-31-1-180 audit[1283]: SYSCALL arch=c000003e syscall=91 success=yes exit=0 a0=5 a1=180 a2=0 a3=0 items=0 ppid=1256 pid=1283 auid=4294967295 uid=0 gid=0 euid=0 suid=0 fsuid=0 egid=0 sgid=0 fsgid=0 tty=(none) ses=4294967295 comm="auditd" exe="/usr/sbin/auditd" subj=system_u:system_r:auditd_t:s0 key=(null)
Aug 16 00:12:41 ip-172-31-1-180 audit: PROCTITLE proctitle="/sbin/auditd"
Aug 16 00:12:41 ip-172-31-1-180 audit: CONFIG_CHANGE op=set audit_enabled=1 old=1 auid=4294967295 ses=4294967295 subj=system_u:system_r:auditd_t:s0 res=1
Aug 16 00:12:41 ip-172-31-1-180 audit[1283]: SYSCALL arch=c000003e syscall=44 success=yes exit=60 a0=3 a1=7ffec3fe8e20 a2=3c a3=0 items=0 ppid=1256 pid=1283 auid=4294967295 uid=0 gid=0 euid=0 suid=0 fsuid=0 egid=0 sgid=0 fsgid=0 tty=(none) ses=4294967295 comm="auditd" exe="/usr/sbin/auditd" subj=system_u:system_r:auditd_t:s0 key=(null)
Aug 16 00:12:41 ip-172-31-1-180 audit: PROCTITLE proctitle="/sbin/auditd"
Aug 16 00:12:41 ip-172-31-1-180 audit: CONFIG_CHANGE op=set audit_pid=1283 old=0 auid=4294967295 ses=4294967295 subj=system_u:system_r:auditd_t:s0 res=1
Aug 16 00:12:41 ip-172-31-1-180 audit[1283]: SYSCALL arch=c000003e syscall=44 success=yes exit=60 a0=3 a1=7ffec3fe6ad0 a2=3c a3=0 items=0 ppid=1256 pid=1283 auid=4294967295 uid=0 gid=0 euid=0 suid=0 fsuid=0 egid=0 sgid=0 fsgid=0 tty=(none) ses=4294967295 comm="auditd" exe="/usr/sbin/auditd" subj=system_u:system_r:auditd_t:s0 key=(null)
Aug 16 00:12:41 ip-172-31-1-180 audit: PROCTITLE proctitle="/sbin/auditd"
Aug 16 00:12:41 ip-172-31-1-180 audit: CONFIG_CHANGE auid=4294967295 ses=4294967295 subj=system_u:system_r:unconfined_service_t:s0 op=add_rule key=(null) list=1 res=1
Aug 16 00:12:41 ip-172-31-1-180 audit[1324]: SYSCALL arch=c000003e syscall=44 success=yes exit=1056 a0=3 a1=7ffe7fcaaeb0 a2=420 a3=0 items=0 ppid=1294 pid=1324 auid=4294967295 uid=0 gid=0 euid=0 suid=0 fsuid=0 egid=0 sgid=0 fsgid=0 tty=(none) ses=4294967295 comm="auditctl" exe="/usr/sbin/auditctl" subj=system_u:system_r:unconfined_service_t:s0 key=(null)
Aug 16 00:12:41 ip-172-31-1-180 audit: PROCTITLE proctitle=2F7362696E2F617564697463746C002D52002F6574632F61756469742F61756469742E72756C6573
Aug 16 00:12:41 ip-172-31-1-180 audit[1]: SERVICE_START pid=1 uid=0 auid=4294967295 ses=4294967295 subj=system_u:system_r:init_t:s0 msg='unit=auditd comm="systemd" exe="/usr/lib/systemd/systemd" hostname=? addr=? terminal=? res=success'
Aug 16 00:12:41 ip-172-31-1-180 systemd[1]: Started auditd.service - Security Auditing Service.
Aug 16 00:12:41 ip-172-31-1-180 auditd[1283]: No plugins found, not dispatching events
Aug 16 00:12:41 ip-172-31-1-180 audit[1]: SERVICE_START pid=1 uid=0 auid=4294967295 ses=4294967295 subj=system_u:system_r:init_t:s0 msg='unit=systemd-resolved comm="systemd" exe="/usr/lib/systemd/systemd" hostname=? addr=? terminal=? res=success'
Aug 16 00:12:41 ip-172-31-1-180 augenrules[1294]: /sbin/augenrules: No change
Aug 16 00:12:41 ip-172-31-1-180 auditd[1283]: Init complete, auditd 3.0.6 listening for events (startup state enable)
Aug 16 00:12:41 ip-172-31-1-180 systemd-resolved[1257]: Using system hostname 'ip-172-31-1-180.ec2.internal'.
Aug 16 00:12:41 ip-172-31-1-180 augenrules[1324]: No rules
Aug 16 00:12:41 ip-172-31-1-180 systemd[1]: Starting systemd-update-utmp.service - Record System Boot/Shutdown in UTMP...
Aug 16 00:12:41 ip-172-31-1-180 systemd[1]: Started systemd-resolved.service - Network Name Resolution.
Aug 16 00:12:41 ip-172-31-1-180 systemd[1]: Reached target nss-lookup.target - Host and Network Name Lookups.
Aug 16 00:12:41 ip-172-31-1-180 audit[1328]: SYSTEM_BOOT pid=1328 uid=0 auid=4294967295 ses=4294967295 subj=system_u:system_r:init_t:s0 msg=' comm="systemd-update-utmp" exe="/usr/lib/systemd/systemd-update-utmp" hostname=? addr=? terminal=? res=success'
Aug 16 00:12:41 ip-172-31-1-180 kernel: ena 0000:00:05.0 ens5: renamed from eth0
